Component: ARM Compiler 5.06 update 5 (build 528) Tool: armlink [4d35e2]

==============================================================================

Section Cross References

    delay.o(i.Delay_ms) refers to delay.o(i.Delay_us) for Delay_us
    delay.o(i.Delay_s) refers to delay.o(i.Delay_ms) for Delay_ms
    oled.o(i.OLED_Clear) refers to oled.o(.bss) for OLED_DisplayBuf
    oled.o(i.OLED_ClearArea) refers to oled.o(.bss) for OLED_DisplayBuf
    oled.o(i.OLED_DrawArc) refers to oled.o(i.OLED_IsInAngle) for OLED_IsInAngle
    oled.o(i.OLED_DrawArc) refers to oled.o(i.OLED_DrawPoint) for OLED_DrawPoint
    oled.o(i.OLED_DrawCircle) refers to oled.o(i.OLED_DrawPoint) for OLED_DrawPoint
    oled.o(i.OLED_DrawEllipse) refers to dflt_clz.o(x$fpl$dflt) for __aeabi_i2d
    oled.o(i.OLED_DrawEllipse) refers to daddsub_clz.o(x$fpl$dadd) for __aeabi_dadd
    oled.o(i.OLED_DrawEllipse) refers to dmul.o(x$fpl$dmul) for __aeabi_dmul
    oled.o(i.OLED_DrawEllipse) refers to d2f.o(x$fpl$d2f) for __aeabi_d2f
    oled.o(i.OLED_DrawEllipse) refers to oled.o(i.OLED_DrawPoint) for OLED_DrawPoint
    oled.o(i.OLED_DrawEllipse) refers to fleqf.o(x$fpl$fleqf) for __aeabi_cfcmple
    oled.o(i.OLED_DrawEllipse) refers to fflt_clz.o(x$fpl$fflt) for __aeabi_i2f
    oled.o(i.OLED_DrawEllipse) refers to faddsub_clz.o(x$fpl$fadd) for __aeabi_fadd
    oled.o(i.OLED_DrawEllipse) refers to daddsub_clz.o(x$fpl$dsub) for __aeabi_dsub
    oled.o(i.OLED_DrawEllipse) refers to dleqf.o(x$fpl$dleqf) for __aeabi_cdcmple
    oled.o(i.OLED_DrawLine) refers to oled.o(i.OLED_DrawPoint) for OLED_DrawPoint
    oled.o(i.OLED_DrawPoint) refers to oled.o(.bss) for OLED_DisplayBuf
    oled.o(i.OLED_DrawPointD) refers to oled.o(.bss) for OLED_DisplayBuf
    oled.o(i.OLED_DrawPointarea) refers to oled.o(.bss) for OLED_DisplayBuf
    oled.o(i.OLED_DrawRectangle) refers to oled.o(i.OLED_DrawPoint) for OLED_DrawPoint
    oled.o(i.OLED_DrawRectangleD) refers to oled.o(i.OLED_DrawPointD) for OLED_DrawPointD
    oled.o(i.OLED_DrawTriangle) refers to oled.o(i.OLED_DrawLine) for OLED_DrawLine
    oled.o(i.OLED_DrawTriangle) refers to oled.o(i.OLED_pnpoly) for OLED_pnpoly
    oled.o(i.OLED_DrawTriangle) refers to oled.o(i.OLED_DrawPoint) for OLED_DrawPoint
    oled.o(i.OLED_GPIO_Init) refers to stm32f10x_rcc.o(i.RCC_APB2PeriphClockCmd) for RCC_APB2PeriphClockCmd
    oled.o(i.OLED_GPIO_Init) refers to stm32f10x_gpio.o(i.GPIO_Init) for GPIO_Init
    oled.o(i.OLED_GPIO_Init) refers to oled.o(i.OLED_W_SCL) for OLED_W_SCL
    oled.o(i.OLED_GPIO_Init) refers to oled.o(i.OLED_W_SDA) for OLED_W_SDA
    oled.o(i.OLED_GetPoint) refers to oled.o(.bss) for OLED_DisplayBuf
    oled.o(i.OLED_I2C_SendByte) refers to oled.o(i.OLED_W_SDA) for OLED_W_SDA
    oled.o(i.OLED_I2C_SendByte) refers to oled.o(i.OLED_W_SCL) for OLED_W_SCL
    oled.o(i.OLED_I2C_Start) refers to oled.o(i.OLED_W_SDA) for OLED_W_SDA
    oled.o(i.OLED_I2C_Start) refers to oled.o(i.OLED_W_SCL) for OLED_W_SCL
    oled.o(i.OLED_I2C_Stop) refers to oled.o(i.OLED_W_SDA) for OLED_W_SDA
    oled.o(i.OLED_I2C_Stop) refers to oled.o(i.OLED_W_SCL) for OLED_W_SCL
    oled.o(i.OLED_Init) refers to oled.o(i.OLED_GPIO_Init) for OLED_GPIO_Init
    oled.o(i.OLED_Init) refers to oled.o(i.OLED_WriteCommand) for OLED_WriteCommand
    oled.o(i.OLED_Init) refers to oled.o(i.OLED_Clear) for OLED_Clear
    oled.o(i.OLED_Init) refers to oled.o(i.OLED_Update) for OLED_Update
    oled.o(i.OLED_IsInAngle) refers to dflt_clz.o(x$fpl$dflt) for __aeabi_i2d
    oled.o(i.OLED_IsInAngle) refers to atan2.o(i.atan2) for atan2
    oled.o(i.OLED_IsInAngle) refers to ddiv.o(x$fpl$ddiv) for __aeabi_ddiv
    oled.o(i.OLED_IsInAngle) refers to dmul.o(x$fpl$dmul) for __aeabi_dmul
    oled.o(i.OLED_IsInAngle) refers to dfix.o(x$fpl$dfix) for __aeabi_d2iz
    oled.o(i.OLED_Printf) refers to vsprintf.o(.text) for vsprintf
    oled.o(i.OLED_Printf) refers to oled.o(i.OLED_ShowString) for OLED_ShowString
    oled.o(i.OLED_Reverse) refers to oled.o(.bss) for OLED_DisplayBuf
    oled.o(i.OLED_ReverseArea) refers to oled.o(.bss) for OLED_DisplayBuf
    oled.o(i.OLED_SetCursor) refers to oled.o(i.OLED_WriteCommand) for OLED_WriteCommand
    oled.o(i.OLED_ShowBinNum) refers to oled.o(i.OLED_Pow) for OLED_Pow
    oled.o(i.OLED_ShowBinNum) refers to oled.o(i.OLED_ShowChar) for OLED_ShowChar
    oled.o(i.OLED_ShowChar) refers to oled.o(i.OLED_ShowImage) for OLED_ShowImage
    oled.o(i.OLED_ShowChar) refers to oled_data.o(.constdata) for OLED_F8x16
    oled.o(i.OLED_ShowChinese) refers to strcmpv7m.o(.text) for strcmp
    oled.o(i.OLED_ShowChinese) refers to oled.o(i.OLED_ShowImage) for OLED_ShowImage
    oled.o(i.OLED_ShowChinese) refers to oled_data.o(.constdata) for OLED_CF16x16
    oled.o(i.OLED_ShowFloatNum) refers to drleqf.o(x$fpl$drleqf) for __aeabi_cdrcmple
    oled.o(i.OLED_ShowFloatNum) refers to oled.o(i.OLED_ShowChar) for OLED_ShowChar
    oled.o(i.OLED_ShowFloatNum) refers to dfixu.o(x$fpl$dfixu) for __aeabi_d2uiz
[...]
    ../clib/angel/sys.s                      0x00000000   Number         0  libspace.o ABSOLUTE
    ../clib/angel/sys.s                      0x00000000   Number         0  indicate_semi.o ABSOLUTE
    ../clib/angel/sys.s                      0x00000000   Number         0  use_no_semi.o ABSOLUTE
    ../clib/angel/sysapp.c                   0x00000000   Number         0  sys_command.o ABSOLUTE
    ../clib/angel/sysapp.c                   0x00000000   Number         0  sys_wrch.o ABSOLUTE
    ../clib/angel/sysapp.c                   0x00000000   Number         0  sys_exit.o ABSOLUTE
    ../clib/armsys.c                         0x00000000   Number         0  _get_argv_nomalloc.o ABSOLUTE
    ../clib/armsys.c                         0x00000000   Number         0  no_argv.o ABSOLUTE
    ../clib/armsys.c                         0x00000000   Number         0  argv_veneer.o ABSOLUTE
    ../clib/armsys.c                         0x00000000   Number         0  argv_veneer.o ABSOLUTE
    ../clib/bigflt.c                         0x00000000   Number         0  bigflt0.o ABSOLUTE
    ../clib/btod.s                           0x00000000   Number         0  btod.o ABSOLUTE
    ../clib/fenv.c                           0x00000000   Number         0  _rserrno.o ABSOLUTE
    ../clib/heapalloc.c                      0x00000000   Number         0  hrguard.o ABSOLUTE
    ../clib/heapaux.c                        0x00000000   Number         0  heapauxi.o ABSOLUTE
    ../clib/libinit.s                        0x00000000   Number         0  libshutdown2.o ABSOLUTE
    ../clib/libinit.s                        0x00000000   Number         0  libshutdown.o ABSOLUTE
    ../clib/libinit.s                        0x00000000   Number         0  libinit2.o ABSOLUTE
    ../clib/libinit.s                        0x00000000   Number         0  libinit.o ABSOLUTE
    ../clib/locale.c                         0x00000000   Number         0  _wcrtomb.o ABSOLUTE
    ../clib/locale.s                         0x00000000   Number         0  lc_ctype_c.o ABSOLUTE
    ../clib/locale.s                         0x00000000   Number         0  lc_numeric_c.o ABSOLUTE
    ../clib/longlong.s                       0x00000000   Number         0  lludiv10.o ABSOLUTE
    ../clib/memcpset.s                       0x00000000   Number         0  strcmpv7m.o ABSOLUTE
    ../clib/misc.s                           0x00000000   Number         0  printf_stubs.o ABSOLUTE
    ../clib/printf.c                         0x00000000   Number         0  vsprintf.o ABSOLUTE
    ../clib/printf.c                         0x00000000   Number         0  __printf_ss.o ABSOLUTE
    ../clib/printf.c                         0x00000000   Number         0  __printf_wp.o ABSOLUTE
    ../clib/printf.c                         0x00000000   Number         0  __printf_flags_wp.o ABSOLUTE
    ../clib/printf.c                         0x00000000   Number         0  __printf_ss_wp.o ABSOLUTE
    ../clib/printf.c                         0x00000000   Number         0  __printf_nopercent.o ABSOLUTE
    ../clib/printf.c                         0x00000000   Number         0  _printf_oct_int.o ABSOLUTE
    ../clib/printf.c                         0x00000000   Number         0  __printf_flags.o ABSOLUTE
    ../clib/printf.c                         0x00000000   Number         0  _printf_hex_int_ll_ptr.o ABSOLUTE
    ../clib/printf.c                         0x00000000   Number         0  _printf_hex_ll_ptr.o ABSOLUTE
    ../clib/printf.c                         0x00000000   Number         0  _printf_hex_int_ptr.o ABSOLUTE
    ../clib/printf.c                         0x00000000   Number         0  _printf_hex_ptr.o ABSOLUTE
    ../clib/printf.c                         0x00000000   Number         0  _printf_hex_int.o ABSOLUTE
    ../clib/printf.c                         0x00000000   Number         0  _printf_hex_ll.o ABSOLUTE
    ../clib/printf.c                         0x00000000   Number         0  _printf_oct_int_ll.o ABSOLUTE
    ../clib/printf.c                         0x00000000   Number         0  _printf_hex_int_ll.o ABSOLUTE
    ../clib/printf.c                         0x00000000   Number         0  _printf_oct_ll.o ABSOLUTE
    ../clib/printf.c                         0x00000000   Number         0  _printf_longlong_dec.o ABSOLUTE
    ../clib/printf.c                         0x00000000   Number         0  _printf_wctomb.o ABSOLUTE
    ../clib/printf.c                         0x00000000   Number         0  _printf_truncate.o ABSOLUTE
    ../clib/printf.c                         0x00000000   Number         0  _printf_pad.o ABSOLUTE
    ../clib/printf.c                         0x00000000   Number         0  __printf.o ABSOLUTE
    ../clib/printf.c                         0x00000000   Number         0  _sputc.o ABSOLUTE
    ../clib/printf.c                         0x00000000   Number         0  _printf_char_common.o ABSOLUTE
    ../clib/printf.c                         0x00000000   Number         0  _printf_intcommon.o ABSOLUTE
    ../clib/printf.c                         0x00000000   Number         0  _printf_fp_hex.o ABSOLUTE
    ../clib/printf.c                         0x00000000   Number         0  _printf_fp_dec.o ABSOLUTE
    ../clib/printf.c                         0x00000000   Number         0  _printf_charcount.o ABSOLUTE
    ../clib/printf.c                         0x00000000   Number         0  _printf_dec.o ABSOLUTE
    ../clib/printf.c                         0x00000000   Number         0  _printf_str.o ABSOLUTE
    ../clib/printf.c                         0x00000000   Number         0  __printf_flags_ss.o ABSOLUTE
    ../clib/printf.c                         0x00000000   Number         0  _printf_char.o ABSOLUTE
    ../clib/printf.c                         0x00000000   Number         0  _printf_wchar.o ABSOLUTE
    ../clib/printf.c                         0x00000000   Number         0  _printf_fp_infnan.o ABSOLUTE
    ../clib/printf.c                         0x00000000   Number         0  __printf_flags_ss_wp.o ABSOLUTE
    ../clib/printf_percent.s                 0x00000000   Number         0  _printf_g.o ABSOLUTE
    ../clib/printf_percent.s                 0x00000000   Number         0  _printf_e.o ABSOLUTE
    ../clib/printf_percent.s                 0x00000000   Number         0  _printf_f.o ABSOLUTE
    ../clib/printf_percent.s                 0x00000000   Number         0  _printf_u.o ABSOLUTE
    ../clib/printf_percent.s                 0x00000000   Number         0  _printf_d.o ABSOLUTE
    ../clib/printf_percent.s                 0x00000000   Number         0  _printf_i.o ABSOLUTE
    ../clib/printf_percent.s                 0x00000000   Number         0  _printf_o.o ABSOLUTE
    ../clib/printf_percent.s                 0x00000000   Number         0  _printf_x.o ABSOLUTE
    ../clib/printf_percent.s                 0x00000000   Number         0  _printf_n.o ABSOLUTE
    ../clib/printf_percent.s                 0x00000000   Number         0  _printf_s.o ABSOLUTE
    ../clib/printf_percent.s                 0x00000000   Number         0  _printf_c.o ABSOLUTE
    ../clib/printf_percent.s                 0x00000000   Number         0  _printf_l.o ABSOLUTE
    ../clib/printf_percent.s                 0x00000000   Number         0  _printf_percent_end.o ABSOLUTE
    ../clib/printf_percent.s                 0x00000000   Number         0  _printf_p.o ABSOLUTE
    ../clib/printf_percent.s                 0x00000000   Number         0  _printf_llx.o ABSOLUTE
    ../clib/printf_percent.s                 0x00000000   Number         0  _printf_llo.o ABSOLUTE
    ../clib/printf_percent.s                 0x00000000   Number         0  _printf_ls.o ABSOLUTE
    ../clib/printf_percent.s                 0x00000000   Number         0  _printf_lc.o ABSOLUTE
    ../clib/printf_percent.s                 0x00000000   Number         0  _printf_ll.o ABSOLUTE
    ../clib/printf_percent.s                 0x00000000   Number         0  _printf_llu.o ABSOLUTE
    ../clib/printf_percent.s                 0x00000000   Number         0  _printf_lld.o ABSOLUTE
    ../clib/printf_percent.s                 0x00000000   Number         0  _printf_lli.o ABSOLUTE
    ../clib/printf_percent.s                 0x00000000   Number         0  _printf_percent.o ABSOLUTE
    ../clib/printf_percent.s                 0x00000000   Number         0  _printf_a.o ABSOLUTE
    ../clib/signal.c                         0x00000000   Number         0  defsig_segv_inner.o ABSOLUTE
    ../clib/signal.c                         0x00000000   Number         0  defsig_rtred_inner.o ABSOLUTE
    ../clib/signal.c                         0x00000000   Number         0  defsig_cppl_inner.o ABSOLUTE
    ../clib/signal.c                         0x00000000   Number         0  defsig_pvfn_inner.o ABSOLUTE
    ../clib/signal.c                         0x00000000   Number         0  defsig_stak_inner.o ABSOLUTE
    ../clib/signal.c                         0x00000000   Number         0  defsig_other.o ABSOLUTE
    ../clib/signal.c                         0x00000000   Number         0  defsig_fpe_inner.o ABSOLUTE
    ../clib/signal.c                         0x00000000   Number         0  defsig_abrt_inner.o ABSOLUTE
    ../clib/signal.c                         0x00000000   Number         0  defsig_general.o ABSOLUTE
    ../clib/signal.c                         0x00000000   Number         0  defsig_rtmem_inner.o ABSOLUTE
    ../clib/signal.c                         0x00000000   Number         0  __raise.o ABSOLUTE
    ../clib/signal.c                         0x00000000   Number         0  defsig_exit.o ABSOLUTE
    ../clib/signal.c                         0x00000000   Number         0  defsig_rtmem_formal.o ABSOLUTE
    ../clib/signal.c                         0x00000000   Number         0  defsig_rtmem_outer.o ABSOLUTE
    ../clib/signal.s                         0x00000000   Number         0  defsig.o ABSOLUTE
    ../clib/stdlib.c                         0x00000000   Number         0  exit.o ABSOLUTE
    ../fplib/d2f.s                           0x00000000   Number         0  d2f.o ABSOLUTE
    ../fplib/daddsub.s                       0x00000000   Number         0  daddsub_clz.o ABSOLUTE
    ../fplib/dcheck1.s                       0x00000000   Number         0  dcheck1.o ABSOLUTE
    ../fplib/dcmpi.s                         0x00000000   Number         0  dcmpi.o ABSOLUTE
    ../fplib/ddiv.s                          0x00000000   Number         0  ddiv.o ABSOLUTE
    ../fplib/dfix.s                          0x00000000   Number         0  dfix.o ABSOLUTE
    ../fplib/dfixu.s                         0x00000000   Number         0  dfixu.o ABSOLUTE
    ../fplib/dflt.s                          0x00000000   Number         0  dflt_clz.o ABSOLUTE
    ../fplib/dleqf.s                         0x00000000   Number         0  dleqf.o ABSOLUTE
    ../fplib/dmul.s                          0x00000000   Number         0  dmul.o ABSOLUTE
    ../fplib/dnaninf.s                       0x00000000   Number         0  dnaninf.o ABSOLUTE
    ../fplib/dretinf.s                       0x00000000   Number         0  dretinf.o ABSOLUTE
    ../fplib/drleqf.s                        0x00000000   Number         0  drleqf.o ABSOLUTE
    ../fplib/drnd.s                          0x00000000   Number         0  drnd.o ABSOLUTE
    ../fplib/f2d.s                           0x00000000   Number         0  f2d.o ABSOLUTE
    ../fplib/faddsub.s                       0x00000000   Number         0  faddsub_clz.o ABSOLUTE
    ../fplib/fcmpi.s                         0x00000000   Number         0  fcmpi.o ABSOLUTE
    ../fplib/fdiv.s                          0x00000000   Number         0  fdiv.o ABSOLUTE
    ../fplib/feqf.s                          0x00000000   Number         0  feqf.o ABSOLUTE
    ../fplib/ffixu.s                         0x00000000   Number         0  ffixu.o ABSOLUTE
    ../fplib/fflt.s                          0x00000000   Number         0  fflt_clz.o ABSOLUTE
    ../fplib/fleqf.s                         0x00000000   Number         0  fleqf.o ABSOLUTE
    ../fplib/fmul.s                          0x00000000   Number         0  fmul.o ABSOLUTE
    ../fplib/fnaninf.s                       0x00000000   Number         0  fnaninf.o ABSOLUTE
    ../fplib/fpinit.s                        0x00000000   Number         0  fpinit.o ABSOLUTE
    ../fplib/fretinf.s                       0x00000000   Number         0  fretinf.o ABSOLUTE
    ../fplib/istatus.s                       0x00000000   Number         0  istatus.o ABSOLUTE
    ../fplib/printf1.s                       0x00000000   Number         0  printf1.o ABSOLUTE
    ../fplib/printf2.s                       0x00000000   Number         0  printf2.o ABSOLUTE
    ../fplib/printf2a.s                      0x00000000   Number         0  printf2a.o ABSOLUTE
    ../fplib/printf2b.s                      0x00000000   Number         0  printf2b.o ABSOLUTE
    ../fplib/retnan.s                        0x00000000   Number         0  retnan.o ABSOLUTE
    ../fplib/scalbn.s                        0x00000000   Number         0  scalbn.o ABSOLUTE
    ../fplib/trapv.s                         0x00000000   Number         0  trapv.o ABSOLUTE
    ../fplib/usenofp.s                       0x00000000   Number         0  usenofp.o ABSOLUTE
    ../mathlib/atan.c                        0x00000000   Number         0  atan_x.o ABSOLUTE
    ../mathlib/atan.c                        0x00000000   Number         0  atan.o ABSOLUTE
    ../mathlib/atan2.c                       0x00000000   Number         0  atan2_x.o ABSOLUTE
    ../mathlib/atan2.c                       0x00000000   Number         0  atan2.o ABSOLUTE
    ../mathlib/dunder.c                      0x00000000   Number         0  dunder.o ABSOLUTE
    ../mathlib/fpclassify.c                  0x00000000   Number         0  fpclassify.o ABSOLUTE
    ../mathlib/poly.c                        0x00000000   Number         0  poly.o ABSOLUTE
    ../mathlib/qnan.c                        0x00000000   Number         0  qnan.o ABSOLUTE
    ../mathlib/round.c                       0x00000000   Number         0  round.o ABSOLUTE
    Externallib\Delay.c                      0x00000000   Number         0  delay.o ABSOLUTE
    Externallib\OLED.c                       0x00000000   Number         0  oled.o ABSOLUTE
    Externallib\OLED_Data.c                  0x00000000   Number         0  oled_data.o ABSOLUTE
    Hardware\18b20.c                         0x00000000   Number         0  18b20.o ABSOLUTE
    Hardware\encoder.c                       0x00000000   Number         0  encoder.o ABSOLUTE
    Hardware\ic.c                            0x00000000   Number         0  ic.o ABSOLUTE
    Hardware\key.c                           0x00000000   Number         0  key.o ABSOLUTE
    Hardware\pwm.c                           0x00000000   Number         0  pwm.o ABSOLUTE
    Hardware\systick.c                       0x00000000   Number         0  systick.o ABSOLUTE
    Hardware\utils.c                         0x00000000   Number         0  utils.o ABSOLUTE
    Libraries\misc.c                         0x00000000   Number         0  misc.o ABSOLUTE
    Libraries\stm32f10x_adc.c                0x00000000   Number         0  stm32f10x_adc.o ABSOLUTE
    Libraries\stm32f10x_bkp.c                0x00000000   Number         0  stm32f10x_bkp.o ABSOLUTE
    Libraries\stm32f10x_can.c                0x00000000   Number         0  stm32f10x_can.o ABSOLUTE
    Libraries\stm32f10x_cec.c                0x00000000   Number         0  stm32f10x_cec.o ABSOLUTE
    Libraries\stm32f10x_crc.c                0x00000000   Number         0  stm32f10x_crc.o ABSOLUTE
    Libraries\stm32f10x_dac.c                0x00000000   Number         0  stm32f10x_dac.o ABSOLUTE
    Libraries\stm32f10x_dbgmcu.c             0x00000000   Number         0  stm32f10x_dbgmcu.o ABSOLUTE
    Libraries\stm32f10x_dma.c                0x00000000   Number         0  stm32f10x_dma.o ABSOLUTE
    Libraries\stm32f10x_exti.c               0x00000000   Number         0  stm32f10x_exti.o ABSOLUTE
    Libraries\stm32f10x_flash.c              0x00000000   Number         0  stm32f10x_flash.o ABSOLUTE
    Libraries\stm32f10x_fsmc.c               0x00000000   Number         0  stm32f10x_fsmc.o ABSOLUTE
    Libraries\stm32f10x_gpio.c               0x00000000   Number         0  stm32f10x_gpio.o ABSOLUTE
    Libraries\stm32f10x_i2c.c                0x00000000   Number         0  stm32f10x_i2c.o ABSOLUTE
    Libraries\stm32f10x_iwdg.c               0x00000000   Number         0  stm32f10x_iwdg.o ABSOLUTE
    Libraries\stm32f10x_pwr.c                0x00000000   Number         0  stm32f10x_pwr.o ABSOLUTE
    Libraries\stm32f10x_rcc.c                0x00000000   Number         0  stm32f10x_rcc.o ABSOLUTE
    Libraries\stm32f10x_rtc.c                0x00000000   Number         0  stm32f10x_rtc.o ABSOLUTE
    Libraries\stm32f10x_sdio.c               0x00000000   Number         0  stm32f10x_sdio.o ABSOLUTE
    Libraries\stm32f10x_spi.c                0x00000000   Number         0  stm32f10x_spi.o ABSOLUTE
    Libraries\stm32f10x_tim.c                0x00000000   Number         0  stm32f10x_tim.o ABSOLUTE
    Libraries\stm32f10x_usart.c              0x00000000   Number         0  stm32f10x_usart.o ABSOLUTE
    Libraries\stm32f10x_wwdg.c               0x00000000   Number         0  stm32f10x_wwdg.o ABSOLUTE
    Startup\\core_cm3.c                      0x00000000   Number         0  core_cm3.o ABSOLUTE
    Startup\core_cm3.c                       0x00000000   Number         0  core_cm3.o ABSOLUTE
    Startup\startup_stm32f10x_md.s           0x00000000   Number         0  startup_stm32f10x_md.o ABSOLUTE
    Startup\system_stm32f10x.c               0x00000000   Number         0  system_stm32f10x.o ABSOLUTE
    User\main.c                              0x00000000   Number         0  main.o ABSOLUTE
    User\stm32f10x_it.c                      0x00000000   Number         0  stm32f10x_it.o ABSOLUTE
    dc.s                                     0x00000000   Number         0  dc.o ABSOLUTE
    RESET                                    0x08000000   Section      236  startup_stm32f10x_md.o(RESET)
    !!!main                                  0x080000ec   Section        8  __main.o(!!!main)
    !!!scatter                               0x080000f4   Section       52  __scatter.o(!!!scatter)
    !!handler_copy                           0x08000128   Section       26  __scatter_copy.o(!!handler_copy)
    !!handler_zi                             0x08000144   Section       28  __scatter_zi.o(!!handler_zi)
    .ARM.Collect$$libinit$$00000000          0x08000160   Section        2  libinit.o(.ARM.Collect$$libinit$$00000000)
    .ARM.Collect$$libinit$$00000002          0x08000162   Section        0  libinit2.o(.ARM.Collect$$libinit$$00000002)
    .ARM.Collect$$libinit$$00000004          0x08000162   Section        0  libinit2.o(.ARM.Collect$$libinit$$00000004)
    .ARM.Collect$$libinit$$0000000A          0x08000162   Section        0  libinit2.o(.ARM.Collect$$libinit$$0000000A)
    .ARM.Collect$$libinit$$0000000C          0x08000162   Section        0  libinit2.o(.ARM.Collect$$libinit$$0000000C)
    .ARM.Collect$$libinit$$0000000E          0x08000162   Section        0  libinit2.o(.ARM.Collect$$libinit$$0000000E)
    .ARM.Collect$$libinit$$00000011          0x08000162   Section        0  libinit2.o(.ARM.Collect$$libinit$$00000011)
    .ARM.Collect$$libinit$$00000013          0x08000162   Section        0  libinit2.o(.ARM.Collect$$libinit$$00000013)
    .ARM.Collect$$libinit$$00000015          0x08000162   Section        0  libinit2.o(.ARM.Collect$$libinit$$00000015)
    .ARM.Collect$$libinit$$00000017          0x08000162   Section        0  libinit2.o(.ARM.Collect$$libinit$$00000017)
    .ARM.Collect$$libinit$$00000019          0x08000162   Section        0  libinit2.o(.ARM.Collect$$libinit$$00000019)
    .ARM.Collect$$libinit$$0000001B          0x08000162   Section        0  libinit2.o(.ARM.Collect$$libinit$$0000001B)
    .ARM.Collect$$libinit$$0000001D          0x08000162   Section        0  libinit2.o(.ARM.Collect$$libinit$$0000001D)
    .ARM.Collect$$libinit$$0000001F          0x08000162   Section        0  libinit2.o(.ARM.Collect$$libinit$$0000001F)
    .ARM.Collect$$libinit$$00000021          0x08000162   Section        0  libinit2.o(.ARM.Collect$$libinit$$00000021)
    .ARM.Collect$$libinit$$00000023          0x08000162   Section        0  libinit2.o(.ARM.Collect$$libinit$$00000023)
    .ARM.Collect$$libinit$$00000025          0x08000162   Section        0  libinit2.o(.ARM.Collect$$libinit$$00000025)
    .ARM.Collect$$libinit$$0000002C          0x08000162   Section        0  libinit2.o(.ARM.Collect$$libinit$$0000002C)
    .ARM.Collect$$libinit$$0000002E          0x08000162   Section        0  libinit2.o(.ARM.Collect$$libinit$$0000002E)
    .ARM.Collect$$libinit$$00000030          0x08000162   Section        0  libinit2.o(.ARM.Collect$$libinit$$00000030)
    .ARM.Collect$$libinit$$00000032          0x08000162   Section        0  libinit2.o(.ARM.Collect$$libinit$$00000032)
    .ARM.Collect$$libinit$$00000033          0x08000162   Section        2  libinit2.o(.ARM.Collect$$libinit$$00000033)
    .ARM.Collect$$libshutdown$$00000000      0x08000164   Section        2  libshutdown.o(.ARM.Collect$$libshutdown$$00000000)
    .ARM.Collect$$libshutdown$$00000002      0x08000166   Section        0  libshutdown2.o(.ARM.Collect$$libshutdown$$00000002)
    .ARM.Collect$$libshutdown$$00000004      0x08000166   Section        0  libshutdown2.o(.ARM.Collect$$libshutdown$$00000004)
    .ARM.Collect$$libshutdown$$00000007      0x08000166   Section        0  libshutdown2.o(.ARM.Collect$$libshutdown$$00000007)
    .ARM.Collect$$libshutdown$$0000000A      0x08000166   Section        0  libshutdown2.o(.ARM.Collect$$libshutdown$$0000000A)
    .ARM.Collect$$libshutdown$$0000000C      0x08000166   Section        0  libshutdown2.o(.ARM.Collect$$libshutdown$$0000000C)
    .ARM.Collect$$libshutdown$$0000000F      0x08000166   Section        0  libshutdown2.o(.ARM.Collect$$libshutdown$$0000000F)
    .ARM.Collect$$libshutdown$$00000010      0x08000166   Section        2  libshutdown2.o(.ARM.Collect$$libshutdown$$00000010)
    .ARM.Collect$$rtentry$$00000000          0x08000168   Section        0  __rtentry.o(.ARM.Collect$$rtentry$$00000000)
    .ARM.Collect$$rtentry$$00000002          0x08000168   Section        0  __rtentry2.o(.ARM.Collect$$rtentry$$00000002)
    .ARM.Collect$$rtentry$$00000004          0x08000168   Section        6  __rtentry4.o(.ARM.Collect$$rtentry$$00000004)
    .ARM.Collect$$rtentry$$00000009          0x0800016e   Section        0  __rtentry2.o(.ARM.Collect$$rtentry$$00000009)
    .ARM.Collect$$rtentry$$0000000A          0x0800016e   Section        4  __rtentry2.o(.ARM.Collect$$rtentry$$0000000A)
    .ARM.Collect$$rtentry$$0000000C          0x08000172   Section        0  __rtentry2.o(.ARM.Collect$$rtentry$$0000000C)
    .ARM.Collect$$rtentry$$0000000D          0x08000172   Section        8  __rtentry2.o(.ARM.Collect$$rtentry$$0000000D)
    .ARM.Collect$$rtexit$$00000000           0x0800017a   Section        2  rtexit.o(.ARM.Collect$$rtexit$$00000000)
    .ARM.Collect$$rtexit$$00000002           0x0800017c   Section        0  rtexit2.o(.ARM.Collect$$rtexit$$00000002)
    .ARM.Collect$$rtexit$$00000003           0x0800017c   Section        4  rtexit2.o(.ARM.Collect$$rtexit$$00000003)
    .ARM.Collect$$rtexit$$00000004           0x08000180   Section        6  rtexit2.o(.ARM.Collect$$rtexit$$00000004)
    .text                                    0x08000188   Section       64  startup_stm32f10x_md.o(.text)
    .text                                    0x080001c8   Section        0  heapauxi.o(.text)
    .text                                    0x080001d0   Section        8  libspace.o(.text)
    .text                                    0x080001d8   Section       74  sys_stackheap_outer.o(.text)
    .text                                    0x08000222   Section        0  exit.o(.text)
    .text                                    0x08000234   Section        0  sys_exit.o(.text)
    .text                                    0x08000240   Section        2  use_no_semi.o(.text)
    .text                                    0x08000242   Section        0  indicate_semi.o(.text)
    i.BusFault_Handler                       0x08000242   Section        0  stm32f10x_it.o(i.BusFault_Handler)
    i.DS18B20_Read                           0x08000248   Section        0  18b20.o(i.DS18B20_Read)
    i.DS18B20_Reset                          0x0800029c   Section        0  18b20.o(i.DS18B20_Reset)
    i.DS18B20_Write                          0x080002e4   Section        0  18b20.o(i.DS18B20_Write)
    i.DS18B20_portInit                       0x0800032c   Section        0  18b20.o(i.DS18B20_portInit)
    i.DebugMon_Handler                       0x08000358   Section        0  stm32f10x_it.o(i.DebugMon_Handler)
    i.Delay_us                               0x0800035a   Section        0  delay.o(i.Delay_us)
    i.EXTI1_IRQHandler                       0x08000388   Section        0  encoder.o(i.EXTI1_IRQHandler)
    i.EXTI_ClearITPendingBit                 0x080003cc   Section        0  stm32f10x_exti.o(i.EXTI_ClearITPendingBit)
    i.EXTI_GetITStatus                       0x080003d8   Section        0  stm32f10x_exti.o(i.EXTI_GetITStatus)
    i.EXTI_Init                              0x08000400   Section        0  stm32f10x_exti.o(i.EXTI_Init)
    i.GPIO_EXTILineConfig                    0x08000494   Section        0  stm32f10x_gpio.o(i.GPIO_EXTILineConfig)
    i.GPIO_Init                              0x080004d4   Section        0  stm32f10x_gpio.o(i.GPIO_Init)
    i.GPIO_ReadInputDataBit                  0x080005ea   Section        0  stm32f10x_gpio.o(i.GPIO_ReadInputDataBit)
    i.GPIO_WriteBit                          0x080005fc   Section        0  stm32f10x_gpio.o(i.GPIO_WriteBit)
    i.GetKeyVal                              0x08000606   Section        0  key.o(i.GetKeyVal)
    i.GetSysRunTime                          0x08000628   Section        0  systick.o(i.GetSysRunTime)
    i.HardFault_Handler                      0x08000634   Section        0  stm32f10x_it.o(i.HardFault_Handler)
    i.KeyDrvInit                             0x08000638   Section        0  key.o(i.KeyDrvInit)
    i.KeyScan                                0x08000664   Section        0  key.o(i.KeyScan)
    KeyScan                                  0x08000665   Thumb Code   240  key.o(i.KeyScan)
    i.MemManage_Handler                      0x08000760   Section        0  stm32f10x_it.o(i.MemManage_Handler)
    i.NMI_Handler                            0x08000764   Section        0  stm32f10x_it.o(i.NMI_Handler)
    i.NVIC_Init                              0x08000768   Section        0  misc.o(i.NVIC_Init)
    i.NVIC_PriorityGroupConfig               0x080007d8   Section        0  misc.o(i.NVIC_PriorityGroupConfig)
    i.OLED_Clear                             0x080007ec   Section        0  oled.o(i.OLED_Clear)
    i.OLED_ClearArea                         0x08000814   Section        0  oled.o(i.OLED_ClearArea)
    i.OLED_DrawPoint                         0x080008a4   Section        0  oled.o(i.OLED_DrawPoint)
    i.OLED_DrawRectangle                     0x080008f4   Section        0  oled.o(i.OLED_DrawRectangle)
    i.OLED_GPIO_Init                         0x08000984   Section        0  oled.o(i.OLED_GPIO_Init)
    i.OLED_I2C_SendByte                      0x080009e4   Section        0  oled.o(i.OLED_I2C_SendByte)
    i.OLED_I2C_Start                         0x08000a22   Section        0  oled.o(i.OLED_I2C_Start)
    i.OLED_I2C_Stop                          0x08000a3e   Section        0  oled.o(i.OLED_I2C_Stop)
    i.OLED_Init                              0x08000a54   Section        0  oled.o(i.OLED_Init)
    i.OLED_Pow                               0x08000aee   Section        0  oled.o(i.OLED_Pow)
    i.OLED_SetCursor                         0x08000b02   Section        0  oled.o(i.OLED_SetCursor)
    i.OLED_ShowChar                          0x08000b24   Section        0  oled.o(i.OLED_ShowChar)
    i.OLED_ShowFloatNum                      0x08000b78   Section        0  oled.o(i.OLED_ShowFloatNum)
    i.OLED_ShowImage                         0x08000c4c   Section        0  oled.o(i.OLED_ShowImage)
    i.OLED_ShowNum                           0x08000d48   Section        0  oled.o(i.OLED_ShowNum)
    i.OLED_ShowString                        0x08000d94   Section        0  oled.o(i.OLED_ShowString)
    i.OLED_Update                            0x08000dc4   Section        0  oled.o(i.OLED_Update)
    i.OLED_W_SCL                             0x08000dec   Section        0  oled.o(i.OLED_W_SCL)
    i.OLED_W_SDA                             0x08000e04   Section        0  oled.o(i.OLED_W_SDA)
    i.OLED_WriteCommand                      0x08000e1c   Section        0  oled.o(i.OLED_WriteCommand)
    i.OLED_WriteData                         0x08000e3c   Section        0  oled.o(i.OLED_WriteData)
    i.PWM_SetCompare1                        0x08000e6a   Section        0  pwm.o(i.PWM_SetCompare1)
    i.PendSV_Handler                         0x08000e7a   Section        0  stm32f10x_it.o(i.PendSV_Handler)
    i.RCC_APB1PeriphClockCmd                 0x08000e7c   Section        0  stm32f10x_rcc.o(i.RCC_APB1PeriphClockCmd)
    i.RCC_APB2PeriphClockCmd                 0x08000e9c   Section        0  stm32f10x_rcc.o(i.RCC_APB2PeriphClockCmd)
    i.RCC_GetClocksFreq                      0x08000ebc   Section        0  stm32f10x_rcc.o(i.RCC_GetClocksFreq)
    i.SVC_Handler                            0x08000f90   Section        0  stm32f10x_it.o(i.SVC_Handler)
    i.SetSysClock                            0x08000f92   Section        0  system_stm32f10x.o(i.SetSysClock)
    SetSysClock                              0x08000f93   Thumb Code     8  system_stm32f10x.o(i.SetSysClock)
    i.SetSysClockTo72                        0x08000f9c   Section        0  system_stm32f10x.o(i.SetSysClockTo72)
    SetSysClockTo72                          0x08000f9d   Thumb Code   214  system_stm32f10x.o(i.SetSysClockTo72)
    i.SysTick_Handler                        0x0800107c   Section        0  systick.o(i.SysTick_Handler)
    i.SystemInit                             0x08001094   Section        0  system_stm32f10x.o(i.SystemInit)
    i.SystickInit                            0x080010f4   Section        0  systick.o(i.SystickInit)
    i.TI1_Config                             0x08001160   Section        0  stm32f10x_tim.o(i.TI1_Config)
    TI1_Config                               0x08001161   Thumb Code   108  stm32f10x_tim.o(i.TI1_Config)
    i.TI2_Config                             0x080011e0   Section        0  stm32f10x_tim.o(i.TI2_Config)
    TI2_Config                               0x080011e1   Thumb Code   130  stm32f10x_tim.o(i.TI2_Config)
    i.TI3_Config                             0x08001278   Section        0  stm32f10x_tim.o(i.TI3_Config)
    TI3_Config                               0x08001279   Thumb Code   122  stm32f10x_tim.o(i.TI3_Config)
    i.TI4_Config                             0x08001308   Section        0  stm32f10x_tim.o(i.TI4_Config)
    TI4_Config                               0x08001309   Thumb Code   130  stm32f10x_tim.o(i.TI4_Config)
    i.TIM_Cmd                                0x080013a0   Section        0  stm32f10x_tim.o(i.TIM_Cmd)
    i.TIM_ICInit                             0x080013b8   Section        0  stm32f10x_tim.o(i.TIM_ICInit)
    i.TIM_InternalClockConfig                0x08001464   Section        0  stm32f10x_tim.o(i.TIM_InternalClockConfig)
    i.TIM_OC1Init                            0x08001470   Section        0  stm32f10x_tim.o(i.TIM_OC1Init)
    i.TIM_OCStructInit                       0x08001508   Section        0  stm32f10x_tim.o(i.TIM_OCStructInit)
    i.TIM_SelectInputTrigger                 0x0800151c   Section        0  stm32f10x_tim.o(i.TIM_SelectInputTrigger)
    i.TIM_SelectSlaveMode                    0x0800152e   Section        0  stm32f10x_tim.o(i.TIM_SelectSlaveMode)
    i.TIM_SetCompare1                        0x08001540   Section        0  stm32f10x_tim.o(i.TIM_SetCompare1)
    i.TIM_SetIC1Prescaler                    0x08001544   Section        0  stm32f10x_tim.o(i.TIM_SetIC1Prescaler)
    i.TIM_SetIC2Prescaler                    0x08001556   Section        0  stm32f10x_tim.o(i.TIM_SetIC2Prescaler)
    i.TIM_SetIC3Prescaler                    0x08001570   Section        0  stm32f10x_tim.o(i.TIM_SetIC3Prescaler)
    i.TIM_SetIC4Prescaler                    0x08001582   Section        0  stm32f10x_tim.o(i.TIM_SetIC4Prescaler)
    i.TIM_TimeBaseInit                       0x0800159c   Section        0  stm32f10x_tim.o(i.TIM_TimeBaseInit)
    i.UsageFault_Handler                     0x08001640   Section        0  stm32f10x_it.o(i.UsageFault_Handler)
    i.ds18b20GetTemp                         0x08001644   Section        0  18b20.o(i.ds18b20GetTemp)
    i.encoderInit                            0x08001710   Section        0  encoder.o(i.encoderInit)
    i.getEncoderValue                        0x08001788   Section        0  encoder.o(i.getEncoderValue)
    i.icInit                                 0x0800179c   Section        0  ic.o(i.icInit)
    i.main                                   0x08001840   Section        0  main.o(i.main)
    i.mappingINT                             0x08001a4c   Section        0  utils.o(i.mappingINT)
    i.mappingSHIFT                           0x08001a8c   Section        0  utils.o(i.mappingSHIFT)
    i.pwmInit                                0x08001ae4   Section        0  pwm.o(i.pwmInit)
    i.round                                  0x08001b78   Section        0  round.o(i.round)
    x$fpl$d2f                                0x08001c0c   Section       98  d2f.o(x$fpl$d2f)
    x$fpl$dadd                               0x08001c70   Section      336  daddsub_clz.o(x$fpl$dadd)
    _dadd1                                   0x08001c81   Thumb Code     0  daddsub_clz.o(x$fpl$dadd)
    x$fpl$dcmpinf                            0x08001dc0   Section       24  dcmpi.o(x$fpl$dcmpinf)
    x$fpl$dfixu                              0x08001dd8   Section       90  dfixu.o(x$fpl$dfixu)
    x$fpl$dfltu                              0x08001e32   Section       38  dflt_clz.o(x$fpl$dfltu)
    x$fpl$dleqf                              0x08001e58   Section      120  dleqf.o(x$fpl$dleqf)
    x$fpl$dmul                               0x08001ed0   Section      340  dmul.o(x$fpl$dmul)
    x$fpl$dnaninf                            0x08002024   Section      156  dnaninf.o(x$fpl$dnaninf)
    x$fpl$dretinf                            0x080020c0   Section       12  dretinf.o(x$fpl$dretinf)
    x$fpl$drleqf                             0x080020cc   Section      108  drleqf.o(x$fpl$drleqf)
    x$fpl$drnd                               0x08002138   Section      180  drnd.o(x$fpl$drnd)
    x$fpl$drsb                               0x080021ec   Section       22  daddsub_clz.o(x$fpl$drsb)
    x$fpl$dsub                               0x08002204   Section      468  daddsub_clz.o(x$fpl$dsub)
    _dsub1                                   0x08002215   Thumb Code     0  daddsub_clz.o(x$fpl$dsub)
    x$fpl$f2d                                0x080023d8   Section       86  f2d.o(x$fpl$f2d)
    x$fpl$fadd                               0x08002430   Section      196  faddsub_clz.o(x$fpl$fadd)
    _fadd1                                   0x0800243f   Thumb Code     0  faddsub_clz.o(x$fpl$fadd)
    x$fpl$fcmpinf                            0x080024f4   Section       24  fcmpi.o(x$fpl$fcmpinf)
    x$fpl$fdiv                               0x0800250c   Section      388  fdiv.o(x$fpl$fdiv)
    _fdiv1                                   0x0800250d   Thumb Code     0  fdiv.o(x$fpl$fdiv)
    x$fpl$feqf                               0x08002690   Section      104  feqf.o(x$fpl$feqf)
    x$fpl$ffixu                              0x080026f8   Section       62  ffixu.o(x$fpl$ffixu)
    x$fpl$ffltu                              0x08002738   Section       38  fflt_clz.o(x$fpl$ffltu)
    x$fpl$fleqf                              0x08002760   Section      104  fleqf.o(x$fpl$fleqf)
    x$fpl$fmul                               0x080027c8   Section      258  fmul.o(x$fpl$fmul)
    x$fpl$fnaninf                            0x080028ca   Section      140  fnaninf.o(x$fpl$fnaninf)
    x$fpl$fretinf                            0x08002956   Section       10  fretinf.o(x$fpl$fretinf)
    x$fpl$fsub                               0x08002960   Section      234  faddsub_clz.o(x$fpl$fsub)
    _fsub1                                   0x0800296f   Thumb Code     0  faddsub_clz.o(x$fpl$fsub)
    .constdata                               0x08002a4a   Section     2286  oled_data.o(.constdata)
    x$fpl$usenofp                            0x08002a4a   Section        0  usenofp.o(x$fpl$usenofp)
    .data                                    0x20000000   Section       20  stm32f10x_rcc.o(.data)
    APBAHBPrescTable                         0x20000000   Data          16  stm32f10x_rcc.o(.data)
    ADCPrescTable                            0x20000010   Data           4  stm32f10x_rcc.o(.data)
    .data                                    0x20000014   Section       12  key.o(.data)
    g_gpioList                               0x20000014   Data          12  key.o(.data)
    .data                                    0x20000020   Section        8  systick.o(.data)
    g_sysRunTime                             0x20000020   Data           8  systick.o(.data)
    .data                                    0x20000028   Section        1  encoder.o(.data)
    .bss                                     0x2000002c   Section     1024  oled.o(.bss)
    .bss                                     0x20000430   Section       48  key.o(.bss)
    g_keyInfo                                0x20000430   Data          48  key.o(.bss)
    .bss                                     0x20000460   Section       16  18b20.o(.bss)
    SensorInfo                               0x20000460   Data          16  18b20.o(.bss)
    .bss                                     0x20000470   Section       96  libspace.o(.bss)
    HEAP                                     0x200004d0   Section      512  startup_stm32f10x_md.o(HEAP)
    Heap_Mem                                 0x200004d0   Data         512  startup_stm32f10x_md.o(HEAP)
    STACK                                    0x200006d0   Section     1024  startup_stm32f10x_md.o(STACK)
    Stack_Mem                                0x200006d0   Data        1024  startup_stm32f10x_md.o(STACK)
    __initial_sp                             0x20000ad0   Data           0  startup_stm32f10x_md.o(STACK)

    Global Symbols

    Symbol Name                              Value     Ov Type        Size  Object(Section)

    BuildAttributes$$THM_ISAv4$P$D$K$B$S$PE$A:L22UL41UL21$X:L11$S22US41US21$IEEE1$IW$USESV6$~STKCKD$USESV7$~SHL$OTIME$ROPI$IEEEX$EBA8$UX$STANDARDLIB$REQ8$PRES8$EABIv2 0x00000000   Number         0  anon$$obj.o ABSOLUTE
    __ARM_use_no_argv                        0x00000000   Number         0  main.o ABSOLUTE
    _printf_flags                            0x00000000   Number         0  printf_stubs.o ABSOLUTE
    _printf_return_value                     0x00000000   Number         0  printf_stubs.o ABSOLUTE
    _printf_sizespec                         0x00000000   Number         0  printf_stubs.o ABSOLUTE
    _printf_widthprec                        0x00000000   Number         0  printf_stubs.o ABSOLUTE
    __ARM_exceptions_init                     - Undefined Weak Reference
    __alloca_initialize                       - Undefined Weak Reference
    __arm_preinit_                            - Undefined Weak Reference
    __cpp_initialize__aeabi_                  - Undefined Weak Reference
    __cxa_finalize                            - Undefined Weak Reference
    __sigvec_lookup                           - Undefined Weak Reference
    _atexit_init                              - Undefined Weak Reference
    _call_atexit_fns                          - Undefined Weak Reference
    _clock_init                               - Undefined Weak Reference
    _fp_trap_init                             - Undefined Weak Reference
    _fp_trap_shutdown                         - Undefined Weak Reference
    _get_lc_collate                           - Undefined Weak Reference
    _get_lc_monetary                          - Undefined Weak Reference
    _get_lc_time                              - Undefined Weak Reference
    _getenv_init                              - Undefined Weak Reference
    _handle_redirection                       - Undefined Weak Reference
    _init_alloc                               - Undefined Weak Reference
    _init_user_alloc                          - Undefined Weak Reference
    _initio                                   - Undefined Weak Reference
    _printf_mbtowc                            - Undefined Weak Reference
    _printf_wc                                - Undefined Weak Reference
    _rand_init                                - Undefined Weak Reference
    _signal_finish                            - Undefined Weak Reference
    _signal_init                              - Undefined Weak Reference
    _terminate_alloc                          - Undefined Weak Reference
    _terminate_user_alloc                     - Undefined Weak Reference
    _terminateio                              - Undefined Weak Reference
    __Vectors_Size                           0x000000ec   Number         0  startup_stm32f10x_md.o ABSOLUTE
    __Vectors                                0x08000000   Data           4  startup_stm32f10x_md.o(RESET)
    __Vectors_End                            0x080000ec   Data           0  startup_stm32f10x_md.o(RESET)
    __main                                   0x080000ed   Thumb Code     8  __main.o(!!!main)
    __scatterload                            0x080000f5   Thumb Code     0  __scatter.o(!!!scatter)
    __scatterload_rt2                        0x080000f5   Thumb Code    44  __scatter.o(!!!scatter)
    __scatterload_rt2_thumb_only             0x080000f5   Thumb Code     0  __scatter.o(!!!scatter)
    __scatterload_null                       0x08000103   Thumb Code     0  __scatter.o(!!!scatter)
    __scatterload_copy                       0x08000129   Thumb Code    26  __scatter_copy.o(!!handler_copy)
    __scatterload_zeroinit                   0x08000145   Thumb Code    28  __scatter_zi.o(!!handler_zi)
    __rt_lib_init                            0x08000161   Thumb Code     0  libinit.o(.ARM.Collect$$libinit$$00000000)
    __rt_lib_init_alloca_1                   0x08000163   Thumb Code     0  libinit2.o(.ARM.Collect$$libinit$$0000002E)
    __rt_lib_init_argv_1                     0x08000163   Thumb Code     0  libinit2.o(.ARM.Collect$$libinit$$0000002C)
    __rt_lib_init_atexit_1                   0x08000163   Thumb Code     0  libinit2.o(.ARM.Collect$$libinit$$0000001B)
    __rt_lib_init_clock_1                    0x08000163   Thumb Code     0  libinit2.o(.ARM.Collect$$libinit$$00000021)
    __rt_lib_init_cpp_1                      0x08000163   Thumb Code     0  libinit2.o(.ARM.Collect$$libinit$$00000032)
    __rt_lib_init_exceptions_1               0x08000163   Thumb Code     0  libinit2.o(.ARM.Collect$$libinit$$00000030)
    __rt_lib_init_fp_1                       0x08000163   Thumb Code     0  libinit2.o(.ARM.Collect$$libinit$$00000002)
    __rt_lib_init_fp_trap_1                  0x08000163   Thumb Code     0  libinit2.o(.ARM.Collect$$libinit$$0000001F)
    __rt_lib_init_getenv_1                   0x08000163   Thumb Code     0  libinit2.o(.ARM.Collect$$libinit$$00000023)
    __rt_lib_init_heap_1                     0x08000163   Thumb Code     0  libinit2.o(.ARM.Collect$$libinit$$0000000A)
    __rt_lib_init_lc_collate_1               0x08000163   Thumb Code     0  libinit2.o(.ARM.Collect$$libinit$$00000011)
    __rt_lib_init_lc_ctype_1                 0x08000163   Thumb Code     0  libinit2.o(.ARM.Collect$$libinit$$00000013)
    __rt_lib_init_lc_monetary_1              0x08000163   Thumb Code     0  libinit2.o(.ARM.Collect$$libinit$$00000015)
    __rt_lib_init_lc_numeric_1               0x08000163   Thumb Code     0  libinit2.o(.ARM.Collect$$libinit$$00000017)
    __rt_lib_init_lc_time_1                  0x08000163   Thumb Code     0  libinit2.o(.ARM.Collect$$libinit$$00000019)
    __rt_lib_init_preinit_1                  0x08000163   Thumb Code     0  libinit2.o(.ARM.Collect$$libinit$$00000004)
    __rt_lib_init_rand_1                     0x08000163   Thumb Code     0  libinit2.o(.ARM.Collect$$libinit$$0000000E)
    __rt_lib_init_return                     0x08000163   Thumb Code     0  libinit2.o(.ARM.Collect$$libinit$$00000033)
    __rt_lib_init_signal_1                   0x08000163   Thumb Code     0  libinit2.o(.ARM.Collect$$libinit$$0000001D)
    __rt_lib_init_stdio_1                    0x08000163   Thumb Code     0  libinit2.o(.ARM.Collect$$libinit$$00000025)
    __rt_lib_init_user_alloc_1               0x08000163   Thumb Code     0  libinit2.o(.ARM.Collect$$libinit$$0000000C)
    __rt_lib_shutdown                        0x08000165   Thumb Code     0  libshutdown.o(.ARM.Collect$$libshutdown$$00000000)
    __rt_lib_shutdown_cpp_1                  0x08000167   Thumb Code     0  libshutdown2.o(.ARM.Collect$$libshutdown$$00000002)
    __rt_lib_shutdown_fp_trap_1              0x08000167   Thumb Code     0  libshutdown2.o(.ARM.Collect$$libshutdown$$00000007)
    __rt_lib_shutdown_heap_1                 0x08000167   Thumb Code     0  libshutdown2.o(.ARM.Collect$$libshutdown$$0000000F)
    __rt_lib_shutdown_return                 0x08000167   Thumb Code     0  libshutdown2.o(.ARM.Collect$$libshutdown$$00000010)
    __rt_lib_shutdown_signal_1               0x08000167   Thumb Code     0  libshutdown2.o(.ARM.Collect$$libshutdown$$0000000A)
    __rt_lib_shutdown_stdio_1                0x08000167   Thumb Code     0  libshutdown2.o(.ARM.Collect$$libshutdown$$00000004)
    __rt_lib_shutdown_user_alloc_1           0x08000167   Thumb Code     0  libshutdown2.o(.ARM.Collect$$libshutdown$$0000000C)
    __rt_entry                               0x08000169   Thumb Code     0  __rtentry.o(.ARM.Collect$$rtentry$$00000000)
    __rt_entry_presh_1                       0x08000169   Thumb Code     0  __rtentry2.o(.ARM.Collect$$rtentry$$00000002)
    __rt_entry_sh                            0x08000169   Thumb Code     0  __rtentry4.o(.ARM.Collect$$rtentry$$00000004)
    __rt_entry_li                            0x0800016f   Thumb Code     0  __rtentry2.o(.ARM.Collect$$rtentry$$0000000A)
    __rt_entry_postsh_1                      0x0800016f   Thumb Code     0  __rtentry2.o(.ARM.Collect$$rtentry$$00000009)
    __rt_entry_main                          0x08000173   Thumb Code     0  __rtentry2.o(.ARM.Collect$$rtentry$$0000000D)
    __rt_entry_postli_1                      0x08000173   Thumb Code     0  __rtentry2.o(.ARM.Collect$$rtentry$$0000000C)
    __rt_exit                                0x0800017b   Thumb Code     0  rtexit.o(.ARM.Collect$$rtexit$$00000000)
    __rt_exit_ls                             0x0800017d   Thumb Code     0  rtexit2.o(.ARM.Collect$$rtexit$$00000003)
    __rt_exit_prels_1                        0x0800017d   Thumb Code     0  rtexit2.o(.ARM.Collect$$rtexit$$00000002)
    __rt_exit_exit                           0x08000181   Thumb Code     0  rtexit2.o(.ARM.Collect$$rtexit$$00000004)
    Reset_Handler                            0x08000189   Thumb Code     8  startup_stm32f10x_md.o(.text)
    ADC1_2_IRQHandler                        0x080001a3   Thumb Code     0  startup_stm32f10x_md.o(.text)
    CAN1_RX1_IRQHandler                      0x080001a3   Thumb Code     0  startup_stm32f10x_md.o(.text)
    CAN1_SCE_IRQHandler                      0x080001a3   Thumb Code     0  startup_stm32f10x_md.o(.text)
    DMA1_Channel1_IRQHandler                 0x080001a3   Thumb Code     0  startup_stm32f10x_md.o(.text)
    DMA1_Channel2_IRQHandler                 0x080001a3   Thumb Code     0  startup_stm32f10x_md.o(.text)
    DMA1_Channel3_IRQHandler                 0x080001a3   Thumb Code     0  startup_stm32f10x_md.o(.text)
    DMA1_Channel4_IRQHandler                 0x080001a3   Thumb Code     0  startup_stm32f10x_md.o(.text)
    DMA1_Channel5_IRQHandler                 0x080001a3   Thumb Code     0  startup_stm32f10x_md.o(.text)
    DMA1_Channel6_IRQHandler                 0x080001a3   Thumb Code     0  startup_stm32f10x_md.o(.text)
    DMA1_Channel7_IRQHandler                 0x080001a3   Thumb Code     0  startup_stm32f10x_md.o(.text)
    EXTI0_IRQHandler                         0x080001a3   Thumb Code     0  startup_stm32f10x_md.o(.text)
    EXTI15_10_IRQHandler                     0x080001a3   Thumb Code     0  startup_stm32f10x_md.o(.text)
    EXTI2_IRQHandler                         0x080001a3   Thumb Code     0  startup_stm32f10x_md.o(.text)
    EXTI3_IRQHandler                         0x080001a3   Thumb Code     0  startup_stm32f10x_md.o(.text)
    EXTI4_IRQHandler                         0x080001a3   Thumb Code     0  startup_stm32f10x_md.o(.text)
    EXTI9_5_IRQHandler                       0x080001a3   Thumb Code     0  startup_stm32f10x_md.o(.text)
    FLASH_IRQHandler                         0x080001a3   Thumb Code     0  startup_stm32f10x_md.o(.text)
    I2C1_ER_IRQHandler                       0x080001a3   Thumb Code     0  startup_stm32f10x_md.o(.text)
    I2C1_EV_IRQHandler                       0x080001a3   Thumb Code     0  startup_stm32f10x_md.o(.text)
    I2C2_ER_IRQHandler                       0x080001a3   Thumb Code     0  startup_stm32f10x_md.o(.text)
    I2C2_EV_IRQHandler                       0x080001a3   Thumb Code     0  startup_stm32f10x_md.o(.text)
    PVD_IRQHandler                           0x080001a3   Thumb Code     0  startup_stm32f10x_md.o(.text)
    RCC_IRQHandler                           0x080001a3   Thumb Code     0  startup_stm32f10x_md.o(.text)
    RTCAlarm_IRQHandler                      0x080001a3   Thumb Code     0  startup_stm32f10x_md.o(.text)
    RTC_IRQHandler                           0x080001a3   Thumb Code     0  startup_stm32f10x_md.o(.text)
    SPI1_IRQHandler                          0x080001a3   Thumb Code     0  startup_stm32f10x_md.o(.text)
    SPI2_IRQHandler                          0x080001a3   Thumb Code     0  startup_stm32f10x_md.o(.text)
    TAMPER_IRQHandler                        0x080001a3   Thumb Code     0  startup_stm32f10x_md.o(.text)
    TIM1_BRK_IRQHandler                      0x080001a3   Thumb Code     0  startup_stm32f10x_md.o(.text)
    TIM1_CC_IRQHandler                       0x080001a3   Thumb Code     0  startup_stm32f10x_md.o(.text)
    TIM1_TRG_COM_IRQHandler                  0x080001a3   Thumb Code     0  startup_stm32f10x_md.o(.text)
    TIM1_UP_IRQHandler                       0x080001a3   Thumb Code     0  startup_stm32f10x_md.o(.text)
    TIM2_IRQHandler                          0x080001a3   Thumb Code     0  startup_stm32f10x_md.o(.text)
    TIM3_IRQHandler                          0x080001a3   Thumb Code     0  startup_stm32f10x_md.o(.text)
    TIM4_IRQHandler                          0x080001a3   Thumb Code     0  startup_stm32f10x_md.o(.text)
    USART1_IRQHandler                        0x080001a3   Thumb Code     0  startup_stm32f10x_md.o(.text)
    USART2_IRQHandler                        0x080001a3   Thumb Code     0  startup_stm32f10x_md.o(.text)
    USART3_IRQHandler                        0x080001a3   Thumb Code     0  startup_stm32f10x_md.o(.text)
    USBWakeUp_IRQHandler                     0x080001a3   Thumb Code     0  startup_stm32f10x_md.o(.text)
    USB_HP_CAN1_TX_IRQHandler                0x080001a3   Thumb Code     0  startup_stm32f10x_md.o(.text)
    USB_LP_CAN1_RX0_IRQHandler               0x080001a3   Thumb Code     0  startup_stm32f10x_md.o(.text)
    WWDG_IRQHandler                          0x080001a3   Thumb Code     0  startup_stm32f10x_md.o(.text)
    __user_initial_stackheap                 0x080001a5   Thumb Code     0  startup_stm32f10x_md.o(.text)
    __use_two_region_memory                  0x080001c9   Thumb Code     2  heapauxi.o(.text)
    __rt_heap_escrow$2region                 0x080001cb   Thumb Code     2  heapauxi.o(.text)
    __rt_heap_expand$2region                 0x080001cd   Thumb Code     2  heapauxi.o(.text)
    __user_libspace                          0x080001d1   Thumb Code     8  libspace.o(.text)
    __user_perproc_libspace                  0x080001d1   Thumb Code     0  libspace.o(.text)
    __user_perthread_libspace                0x080001d1   Thumb Code     0  libspace.o(.text)
    __user_setup_stackheap                   0x080001d9   Thumb Code    74  sys_stackheap_outer.o(.text)
    exit                                     0x08000223   Thumb Code    18  exit.o(.text)
    _sys_exit                                0x08000235   Thumb Code     8  sys_exit.o(.text)
    __I$use$semihosting                      0x08000241   Thumb Code     0  use_no_semi.o(.text)
    __use_no_semihosting_swi                 0x08000241   Thumb Code     2  use_no_semi.o(.text)
    BusFault_Handler                         0x08000243   Thumb Code     4  stm32f10x_it.o(i.BusFault_Handler)
    __semihosting_library_function           0x08000243   Thumb Code     0  indicate_semi.o(.text)
    DS18B20_Read                             0x08000249   Thumb Code    80  18b20.o(i.DS18B20_Read)
    DS18B20_Reset                            0x0800029d   Thumb Code    66  18b20.o(i.DS18B20_Reset)
    DS18B20_Write                            0x080002e5   Thumb Code    66  18b20.o(i.DS18B20_Write)
    DS18B20_portInit                         0x0800032d   Thumb Code    38  18b20.o(i.DS18B20_portInit)
    DebugMon_Handler                         0x08000359   Thumb Code     2  stm32f10x_it.o(i.DebugMon_Handler)
    Delay_us                                 0x0800035b   Thumb Code    46  delay.o(i.Delay_us)
    EXTI1_IRQHandler                         0x08000389   Thumb Code    58  encoder.o(i.EXTI1_IRQHandler)
    EXTI_ClearITPendingBit                   0x080003cd   Thumb Code     6  stm32f10x_exti.o(i.EXTI_ClearITPendingBit)
    EXTI_GetITStatus                         0x080003d9   Thumb Code    34  stm32f10x_exti.o(i.EXTI_GetITStatus)
    EXTI_Init                                0x08000401   Thumb Code   142  stm32f10x_exti.o(i.EXTI_Init)
    GPIO_EXTILineConfig                      0x08000495   Thumb Code    60  stm32f10x_gpio.o(i.GPIO_EXTILineConfig)
    GPIO_Init                                0x080004d5   Thumb Code   278  stm32f10x_gpio.o(i.GPIO_Init)
    GPIO_ReadInputDataBit                    0x080005eb   Thumb Code    18  stm32f10x_gpio.o(i.GPIO_ReadInputDataBit)
    GPIO_WriteBit                            0x080005fd   Thumb Code    10  stm32f10x_gpio.o(i.GPIO_WriteBit)
    GetKeyVal                                0x08000607   Thumb Code    34  key.o(i.GetKeyVal)
    GetSysRunTime                            0x08000629   Thumb Code     6  systick.o(i.GetSysRunTime)
    HardFault_Handler                        0x08000635   Thumb Code     4  stm32f10x_it.o(i.HardFault_Handler)
    KeyDrvInit                               0x08000639   Thumb Code    34  key.o(i.KeyDrvInit)
    MemManage_Handler                        0x08000761   Thumb Code     4  stm32f10x_it.o(i.MemManage_Handler)
    NMI_Handler                              0x08000765   Thumb Code     2  stm32f10x_it.o(i.NMI_Handler)
    NVIC_Init                                0x08000769   Thumb Code   100  misc.o(i.NVIC_Init)
    NVIC_PriorityGroupConfig                 0x080007d9   Thumb Code    10  misc.o(i.NVIC_PriorityGroupConfig)
    OLED_Clear                               0x080007ed   Thumb Code    36  oled.o(i.OLED_Clear)
    OLED_ClearArea                           0x08000815   Thumb Code   140  oled.o(i.OLED_ClearArea)
    OLED_DrawPoint                           0x080008a5   Thumb Code    76  oled.o(i.OLED_DrawPoint)
    OLED_DrawRectangle                       0x080008f5   Thumb Code   142  oled.o(i.OLED_DrawRectangle)
    OLED_GPIO_Init                           0x08000985   Thumb Code    92  oled.o(i.OLED_GPIO_Init)
    OLED_I2C_SendByte                        0x080009e5   Thumb Code    62  oled.o(i.OLED_I2C_SendByte)
    OLED_I2C_Start                           0x08000a23   Thumb Code    28  oled.o(i.OLED_I2C_Start)
    OLED_I2C_Stop                            0x08000a3f   Thumb Code    22  oled.o(i.OLED_I2C_Stop)
    OLED_Init                                0x08000a55   Thumb Code   154  oled.o(i.OLED_Init)
    OLED_Pow                                 0x08000aef   Thumb Code    20  oled.o(i.OLED_Pow)
    OLED_SetCursor                           0x08000b03   Thumb Code    34  oled.o(i.OLED_SetCursor)
    OLED_ShowChar                            0x08000b25   Thumb Code    74  oled.o(i.OLED_ShowChar)
    OLED_ShowFloatNum                        0x08000b79   Thumb Code   210  oled.o(i.OLED_ShowFloatNum)
    OLED_ShowImage                           0x08000c4d   Thumb Code   248  oled.o(i.OLED_ShowImage)
    OLED_ShowNum                             0x08000d49   Thumb Code    76  oled.o(i.OLED_ShowNum)
    OLED_ShowString                          0x08000d95   Thumb Code    46  oled.o(i.OLED_ShowString)
    OLED_Update                              0x08000dc5   Thumb Code    36  oled.o(i.OLED_Update)
    OLED_W_SCL                               0x08000ded   Thumb Code    18  oled.o(i.OLED_W_SCL)
    OLED_W_SDA                               0x08000e05   Thumb Code    18  oled.o(i.OLED_W_SDA)
    OLED_WriteCommand                        0x08000e1d   Thumb Code    32  oled.o(i.OLED_WriteCommand)
    OLED_WriteData                           0x08000e3d   Thumb Code    46  oled.o(i.OLED_WriteData)
    PWM_SetCompare1                          0x08000e6b   Thumb Code    16  pwm.o(i.PWM_SetCompare1)
    PendSV_Handler                           0x08000e7b   Thumb Code     2  stm32f10x_it.o(i.PendSV_Handler)
    RCC_APB1PeriphClockCmd                   0x08000e7d   Thumb Code    26  stm32f10x_rcc.o(i.RCC_APB1PeriphClockCmd)
    RCC_APB2PeriphClockCmd                   0x08000e9d   Thumb Code    26  stm32f10x_rcc.o(i.RCC_APB2PeriphClockCmd)
    RCC_GetClocksFreq                        0x08000ebd   Thumb Code   192  stm32f10x_rcc.o(i.RCC_GetClocksFreq)
    SVC_Handler                              0x08000f91   Thumb Code     2  stm32f10x_it.o(i.SVC_Handler)
    SysTick_Handler                          0x0800107d   Thumb Code    20  systick.o(i.SysTick_Handler)
    SystemInit                               0x08001095   Thumb Code    78  system_stm32f10x.o(i.SystemInit)
    SystickInit                              0x080010f5   Thumb Code   100  systick.o(i.SystickInit)
    TIM_Cmd                                  0x080013a1   Thumb Code    24  stm32f10x_tim.o(i.TIM_Cmd)
    TIM_ICInit                               0x080013b9   Thumb Code   150  stm32f10x_tim.o(i.TIM_ICInit)
    TIM_InternalClockConfig                  0x08001465   Thumb Code    12  stm32f10x_tim.o(i.TIM_InternalClockConfig)
    TIM_OC1Init                              0x08001471   Thumb Code   132  stm32f10x_tim.o(i.TIM_OC1Init)
    TIM_OCStructInit                         0x08001509   Thumb Code    20  stm32f10x_tim.o(i.TIM_OCStructInit)
    TIM_SelectInputTrigger                   0x0800151d   Thumb Code    18  stm32f10x_tim.o(i.TIM_SelectInputTrigger)
    TIM_SelectSlaveMode                      0x0800152f   Thumb Code    18  stm32f10x_tim.o(i.TIM_SelectSlaveMode)
    TIM_SetCompare1                          0x08001541   Thumb Code     4  stm32f10x_tim.o(i.TIM_SetCompare1)
    TIM_SetIC1Prescaler                      0x08001545   Thumb Code    18  stm32f10x_tim.o(i.TIM_SetIC1Prescaler)
    TIM_SetIC2Prescaler                      0x08001557   Thumb Code    26  stm32f10x_tim.o(i.TIM_SetIC2Prescaler)
    TIM_SetIC3Prescaler                      0x08001571   Thumb Code    18  stm32f10x_tim.o(i.TIM_SetIC3Prescaler)
    TIM_SetIC4Prescaler                      0x08001583   Thumb Code    26  stm32f10x_tim.o(i.TIM_SetIC4Prescaler)
    TIM_TimeBaseInit                         0x0800159d   Thumb Code   122  stm32f10x_tim.o(i.TIM_TimeBaseInit)
    UsageFault_Handler                       0x08001641   Thumb Code     4  stm32f10x_it.o(i.UsageFault_Handler)
    ds18b20GetTemp                           0x08001645   Thumb Code   192  18b20.o(i.ds18b20GetTemp)
    encoderInit                              0x08001711   Thumb Code   114  encoder.o(i.encoderInit)
    getEncoderValue                          0x08001789   Thumb Code    14  encoder.o(i.getEncoderValue)
    icInit                                   0x0800179d   Thumb Code   154  ic.o(i.icInit)
    main                                     0x08001841   Thumb Code   494  main.o(i.main)
    mappingINT                               0x08001a4d   Thumb Code    62  utils.o(i.mappingINT)
    mappingSHIFT                             0x08001a8d   Thumb Code    84  utils.o(i.mappingSHIFT)
    pwmInit                                  0x08001ae5   Thumb Code   144  pwm.o(i.pwmInit)
    round                                    0x08001b79   Thumb Code   136  round.o(i.round)
    __aeabi_d2f                              0x08001c0d   Thumb Code     0  d2f.o(x$fpl$d2f)
    _d2f                                     0x08001c0d   Thumb Code    98  d2f.o(x$fpl$d2f)
    __aeabi_dadd                             0x08001c71   Thumb Code     0  daddsub_clz.o(x$fpl$dadd)
    _dadd                                    0x08001c71   Thumb Code   332  daddsub_clz.o(x$fpl$dadd)
    __fpl_dcmp_Inf                           0x08001dc1   Thumb Code    24  dcmpi.o(x$fpl$dcmpinf)
    __aeabi_d2uiz                            0x08001dd9   Thumb Code     0  dfixu.o(x$fpl$dfixu)
    _dfixu                                   0x08001dd9   Thumb Code    90  dfixu.o(x$fpl$dfixu)
    __aeabi_ui2d                             0x08001e33   Thumb Code     0  dflt_clz.o(x$fpl$dfltu)
    _dfltu                                   0x08001e33   Thumb Code    38  dflt_clz.o(x$fpl$dfltu)
    __aeabi_cdcmple                          0x08001e59   Thumb Code     0  dleqf.o(x$fpl$dleqf)
    _dcmple                                  0x08001e59   Thumb Code   120  dleqf.o(x$fpl$dleqf)
    __fpl_dcmple_InfNaN                      0x08001ebb   Thumb Code     0  dleqf.o(x$fpl$dleqf)
    __aeabi_dmul                             0x08001ed1   Thumb Code     0  dmul.o(x$fpl$dmul)
    _dmul                                    0x08001ed1   Thumb Code   332  dmul.o(x$fpl$dmul)
    __fpl_dnaninf                            0x08002025   Thumb Code   156  dnaninf.o(x$fpl$dnaninf)
    __fpl_dretinf                            0x080020c1   Thumb Code    12  dretinf.o(x$fpl$dretinf)
    __aeabi_cdrcmple                         0x080020cd   Thumb Code     0  drleqf.o(x$fpl$drleqf)
    _drcmple                                 0x080020cd   Thumb Code   108  drleqf.o(x$fpl$drleqf)
    _drnd                                    0x08002139   Thumb Code   180  drnd.o(x$fpl$drnd)
    __aeabi_drsub                            0x080021ed   Thumb Code     0  daddsub_clz.o(x$fpl$drsb)
    _drsb                                    0x080021ed   Thumb Code    22  daddsub_clz.o(x$fpl$drsb)
    __aeabi_dsub                             0x08002205   Thumb Code     0  daddsub_clz.o(x$fpl$dsub)
    _dsub                                    0x08002205   Thumb Code   464  daddsub_clz.o(x$fpl$dsub)
    __aeabi_f2d                              0x080023d9   Thumb Code     0  f2d.o(x$fpl$f2d)
    _f2d                                     0x080023d9   Thumb Code    86  f2d.o(x$fpl$f2d)
    __aeabi_fadd                             0x08002431   Thumb Code     0  faddsub_clz.o(x$fpl$fadd)
    _fadd                                    0x08002431   Thumb Code   196  faddsub_clz.o(x$fpl$fadd)
    __fpl_fcmp_Inf                           0x080024f5   Thumb Code    24  fcmpi.o(x$fpl$fcmpinf)
    __aeabi_fdiv                             0x0800250d   Thumb Code     0  fdiv.o(x$fpl$fdiv)
    _fdiv                                    0x0800250d   Thumb Code   384  fdiv.o(x$fpl$fdiv)
    __aeabi_cfcmpeq                          0x08002691   Thumb Code     0  feqf.o(x$fpl$feqf)
    _fcmpeq                                  0x08002691   Thumb Code   104  feqf.o(x$fpl$feqf)
    __aeabi_f2uiz                            0x080026f9   Thumb Code     0  ffixu.o(x$fpl$ffixu)
    _ffixu                                   0x080026f9   Thumb Code    62  ffixu.o(x$fpl$ffixu)
    __aeabi_ui2f                             0x08002739   Thumb Code     0  fflt_clz.o(x$fpl$ffltu)
    _ffltu                                   0x08002739   Thumb Code    38  fflt_clz.o(x$fpl$ffltu)
    __aeabi_cfcmple                          0x08002761   Thumb Code     0  fleqf.o(x$fpl$fleqf)
    _fcmple                                  0x08002761   Thumb Code   104  fleqf.o(x$fpl$fleqf)
    __fpl_fcmple_InfNaN                      0x080027b3   Thumb Code     0  fleqf.o(x$fpl$fleqf)
    __aeabi_fmul                             0x080027c9   Thumb Code     0  fmul.o(x$fpl$fmul)
    _fmul                                    0x080027c9   Thumb Code   258  fmul.o(x$fpl$fmul)
    __fpl_fnaninf                            0x080028cb   Thumb Code   140  fnaninf.o(x$fpl$fnaninf)
    __fpl_fretinf                            0x08002957   Thumb Code    10  fretinf.o(x$fpl$fretinf)
    __aeabi_fsub                             0x08002961   Thumb Code     0  faddsub_clz.o(x$fpl$fsub)
    _fsub                                    0x08002961   Thumb Code   234  faddsub_clz.o(x$fpl$fsub)
    OLED_F8x16                               0x08002a4a   Data        1520  oled_data.o(.constdata)
    __I$use$fp                               0x08002a4a   Number         0  usenofp.o(x$fpl$usenofp)
    OLED_F6x8                                0x0800303a   Data         570  oled_data.o(.constdata)
    OLED_CF16x16                             0x08003274   Data          36  oled_data.o(.constdata)
    Diode                                    0x08003298   Data          32  oled_data.o(.constdata)
    Cursor                                   0x080032b8   Data          32  oled_data.o(.constdata)
    Locker                                   0x080032d8   Data          32  oled_data.o(.constdata)
    Atmode                                   0x080032f8   Data          32  oled_data.o(.constdata)
    Mtmode                                   0x08003318   Data          32  oled_data.o(.constdata)
    Region$$Table$$Base                      0x08003338   Number         0  anon$$obj.o(Region$$Table)
    Region$$Table$$Limit                     0x08003358   Number         0  anon$$obj.o(Region$$Table)
    encoderValue                             0x20000028   Data           1  encoder.o(.data)
    OLED_DisplayBuf                          0x2000002c   Data        1024  oled.o(.bss)
    __libspace_start                         0x20000470   Data          96  libspace.o(.bss)
    __temporary_stack_top$libspace           0x200004d0   Data           0  libspace.o(.bss)



==============================================================================

Memory Map of the image

  Image Entry point : 0x080000ed

  Load Region LR_IROM1 (Base: 0x08000000, Size: 0x00003384, Max: 0x00010000, ABSOLUTE)

    Execution Region ER_IROM1 (Exec base: 0x08000000, Load base: 0x08000000, Size: 0x00003358, Max: 0x00010000, ABSOLUTE)

    Exec Addr    Load Addr    Size         Type   Attr      Idx    E Section Name        Object

    0x08000000   0x08000000   0x000000ec   Data   RO         3533    RESET               startup_stm32f10x_md.o
    0x080000ec   0x080000ec   0x00000008   Code   RO         3886  * !!!main             c_w.l(__main.o)
    0x080000f4   0x080000f4   0x00000034   Code   RO         4331    !!!scatter          c_w.l(__scatter.o)
    0x08000128   0x08000128   0x0000001a   Code   RO         4333    !!handler_copy      c_w.l(__scatter_copy.o)
    0x08000142   0x08000142   0x00000002   PAD
    0x08000144   0x08000144   0x0000001c   Code   RO         4335    !!handler_zi        c_w.l(__scatter_zi.o)
    0x08000160   0x08000160   0x00000002   Code   RO         4193    .ARM.Collect$$libinit$$00000000  c_w.l(libinit.o)
    0x08000162   0x08000162   0x00000000   Code   RO         4204    .ARM.Collect$$libinit$$00000002  c_w.l(libinit2.o)
    0x08000162   0x08000162   0x00000000   Code   RO         4206    .ARM.Collect$$libinit$$00000004  c_w.l(libinit2.o)
    0x08000162   0x08000162   0x00000000   Code   RO         4209    .ARM.Collect$$libinit$$0000000A  c_w.l(libinit2.o)
    0x08000162   0x08000162   0x00000000   Code   RO         4211    .ARM.Collect$$libinit$$0000000C  c_w.l(libinit2.o)
    0x08000162   0x08000162   0x00000000   Code   RO         4213    .ARM.Collect$$libinit$$0000000E  c_w.l(libinit2.o)
    0x08000162   0x08000162   0x00000000   Code   RO         4216    .ARM.Collect$$libinit$$00000011  c_w.l(libinit2.o)
    0x08000162   0x08000162   0x00000000   Code   RO         4218    .ARM.Collect$$libinit$$00000013  c_w.l(libinit2.o)
    0x08000162   0x08000162   0x00000000   Code   RO         4220    .ARM.Collect$$libinit$$00000015  c_w.l(libinit2.o)
    0x08000162   0x08000162   0x00000000   Code   RO         4222    .ARM.Collect$$libinit$$00000017  c_w.l(libinit2.o)
    0x08000162   0x08000162   0x00000000   Code   RO         4224    .ARM.Collect$$libinit$$00000019  c_w.l(libinit2.o)
    0x08000162   0x08000162   0x00000000   Code   RO         4226    .ARM.Collect$$libinit$$0000001B  c_w.l(libinit2.o)
    0x08000162   0x08000162   0x00000000   Code   RO         4228    .ARM.Collect$$libinit$$0000001D  c_w.l(libinit2.o)
    0x08000162   0x08000162   0x00000000   Code   RO         4230    .ARM.Collect$$libinit$$0000001F  c_w.l(libinit2.o)
    0x08000162   0x08000162   0x00000000   Code   RO         4232    .ARM.Collect$$libinit$$00000021  c_w.l(libinit2.o)
    0x08000162   0x08000162   0x00000000   Code   RO         4234    .ARM.Collect$$libinit$$00000023  c_w.l(libinit2.o)
    0x08000162   0x08000162   0x00000000   Code   RO         4236    .ARM.Collect$$libinit$$00000025  c_w.l(libinit2.o)
    0x08000162   0x08000162   0x00000000   Code   RO         4240    .ARM.Collect$$libinit$$0000002C  c_w.l(libinit2.o)
    0x08000162   0x08000162   0x00000000   Code   RO         4242    .ARM.Collect$$libinit$$0000002E  c_w.l(libinit2.o)
    0x08000162   0x08000162   0x00000000   Code   RO         4244    .ARM.Collect$$libinit$$00000030  c_w.l(libinit2.o)
    0x08000162   0x08000162   0x00000000   Code   RO         4246    .ARM.Collect$$libinit$$00000032  c_w.l(libinit2.o)
    0x08000162   0x08000162   0x00000002   Code   RO         4247    .ARM.Collect$$libinit$$00000033  c_w.l(libinit2.o)
    0x08000164   0x08000164   0x00000002   Code   RO         4271    .ARM.Collect$$libshutdown$$00000000  c_w.l(libshutdown.o)
    0x08000166   0x08000166   0x00000000   Code   RO         4284    .ARM.Collect$$libshutdown$$00000002  c_w.l(libshutdown2.o)
    0x08000166   0x08000166   0x00000000   Code   RO         4286    .ARM.Collect$$libshutdown$$00000004  c_w.l(libshutdown2.o)
    0x08000166   0x08000166   0x00000000   Code   RO         4289    .ARM.Collect$$libshutdown$$00000007  c_w.l(libshutdown2.o)
    0x08000166   0x08000166   0x00000000   Code   RO         4292    .ARM.Collect$$libshutdown$$0000000A  c_w.l(libshutdown2.o)
    0x08000166   0x08000166   0x00000000   Code   RO         4294    .ARM.Collect$$libshutdown$$0000000C  c_w.l(libshutdown2.o)
    0x08000166   0x08000166   0x00000000   Code   RO         4297    .ARM.Collect$$libshutdown$$0000000F  c_w.l(libshutdown2.o)
    0x08000166   0x08000166   0x00000002   Code   RO         4298    .ARM.Collect$$libshutdown$$00000010  c_w.l(libshutdown2.o)
    0x08000168   0x08000168   0x00000000   Code   RO         3958    .ARM.Collect$$rtentry$$00000000  c_w.l(__rtentry.o)
    0x08000168   0x08000168   0x00000000   Code   RO         4101    .ARM.Collect$$rtentry$$00000002  c_w.l(__rtentry2.o)
    0x08000168   0x08000168   0x00000006   Code   RO         4113    .ARM.Collect$$rtentry$$00000004  c_w.l(__rtentry4.o)
    0x0800016e   0x0800016e   0x00000000   Code   RO         4103    .ARM.Collect$$rtentry$$00000009  c_w.l(__rtentry2.o)
    0x0800016e   0x0800016e   0x00000004   Code   RO         4104    .ARM.Collect$$rtentry$$0000000A  c_w.l(__rtentry2.o)
    0x08000172   0x08000172   0x00000000   Code   RO         4106    .ARM.Collect$$rtentry$$0000000C  c_w.l(__rtentry2.o)
    0x08000172   0x08000172   0x00000008   Code   RO         4107    .ARM.Collect$$rtentry$$0000000D  c_w.l(__rtentry2.o)
    0x0800017a   0x0800017a   0x00000002   Code   RO         4198    .ARM.Collect$$rtexit$$00000000  c_w.l(rtexit.o)
    0x0800017c   0x0800017c   0x00000000   Code   RO         4251    .ARM.Collect$$rtexit$$00000002  c_w.l(rtexit2.o)
    0x0800017c   0x0800017c   0x00000004   Code   RO         4252    .ARM.Collect$$rtexit$$00000003  c_w.l(rtexit2.o)
    0x08000180   0x08000180   0x00000006   Code   RO         4253    .ARM.Collect$$rtexit$$00000004  c_w.l(rtexit2.o)
    0x08000186   0x08000186   0x00000002   PAD
    0x08000188   0x08000188   0x00000040   Code   RO         3534    .text               startup_stm32f10x_md.o
    0x080001c8   0x080001c8   0x00000006   Code   RO         3884    .text               c_w.l(heapauxi.o)
    0x080001ce   0x080001ce   0x00000002   PAD
    0x080001d0   0x080001d0   0x00000008   Code   RO         4144    .text               c_w.l(libspace.o)
    0x080001d8   0x080001d8   0x0000004a   Code   RO         4147    .text               c_w.l(sys_stackheap_outer.o)
    0x08000222   0x08000222   0x00000012   Code   RO         4186    .text               c_w.l(exit.o)
    0x08000234   0x08000234   0x0000000c   Code   RO         4263    .text               c_w.l(sys_exit.o)
    0x08000240   0x08000240   0x00000002   Code   RO         4274    .text               c_w.l(use_no_semi.o)
    0x08000242   0x08000242   0x00000000   Code   RO         4276    .text               c_w.l(indicate_semi.o)
    0x08000242   0x08000242   0x00000004   Code   RO         3591    i.BusFault_Handler  stm32f10x_it.o
    0x08000246   0x08000246   0x00000002   PAD
    0x08000248   0x08000248   0x00000054   Code   RO         3813    i.DS18B20_Read      18b20.o
    0x0800029c   0x0800029c   0x00000048   Code   RO         3814    i.DS18B20_Reset     18b20.o
    0x080002e4   0x080002e4   0x00000048   Code   RO         3815    i.DS18B20_Write     18b20.o
    0x0800032c   0x0800032c   0x0000002c   Code   RO         3816    i.DS18B20_portInit  18b20.o
    0x08000358   0x08000358   0x00000002   Code   RO         3592    i.DebugMon_Handler  stm32f10x_it.o
    0x0800035a   0x0800035a   0x0000002e   Code   RO            3    i.Delay_us          delay.o
    0x08000388   0x08000388   0x00000044   Code   RO         3750    i.EXTI1_IRQHandler  encoder.o
    0x080003cc   0x080003cc   0x0000000c   Code   RO         1309    i.EXTI_ClearITPendingBit  stm32f10x_exti.o
    0x080003d8   0x080003d8   0x00000028   Code   RO         1313    i.EXTI_GetITStatus  stm32f10x_exti.o
    0x08000400   0x08000400   0x00000094   Code   RO         1314    i.EXTI_Init         stm32f10x_exti.o
    0x08000494   0x08000494   0x00000040   Code   RO         1668    i.GPIO_EXTILineConfig  stm32f10x_gpio.o
    0x080004d4   0x080004d4   0x00000116   Code   RO         1671    i.GPIO_Init         stm32f10x_gpio.o
    0x080005ea   0x080005ea   0x00000012   Code   RO         1675    i.GPIO_ReadInputDataBit  stm32f10x_gpio.o
    0x080005fc   0x080005fc   0x0000000a   Code   RO         1682    i.GPIO_WriteBit     stm32f10x_gpio.o
    0x08000606   0x08000606   0x00000022   Code   RO         3691    i.GetKeyVal         key.o
    0x08000628   0x08000628   0x0000000c   Code   RO         3720    i.GetSysRunTime     systick.o
    0x08000634   0x08000634   0x00000004   Code   RO         3593    i.HardFault_Handler  stm32f10x_it.o
    0x08000638   0x08000638   0x0000002c   Code   RO         3692    i.KeyDrvInit        key.o
    0x08000664   0x08000664   0x000000fc   Code   RO         3693    i.KeyScan           key.o
    0x08000760   0x08000760   0x00000004   Code   RO         3594    i.MemManage_Handler  stm32f10x_it.o
    0x08000764   0x08000764   0x00000002   Code   RO         3595    i.NMI_Handler       stm32f10x_it.o
    0x08000766   0x08000766   0x00000002   PAD
    0x08000768   0x08000768   0x00000070   Code   RO          484    i.NVIC_Init         misc.o
    0x080007d8   0x080007d8   0x00000014   Code   RO          485    i.NVIC_PriorityGroupConfig  misc.o
    0x080007ec   0x080007ec   0x00000028   Code   RO          125    i.OLED_Clear        oled.o
    0x08000814   0x08000814   0x00000090   Code   RO          126    i.OLED_ClearArea    oled.o
    0x080008a4   0x080008a4   0x00000050   Code   RO          131    i.OLED_DrawPoint    oled.o
    0x080008f4   0x080008f4   0x0000008e   Code   RO          134    i.OLED_DrawRectangle  oled.o
    0x08000982   0x08000982   0x00000002   PAD
    0x08000984   0x08000984   0x00000060   Code   RO          137    i.OLED_GPIO_Init    oled.o
    0x080009e4   0x080009e4   0x0000003e   Code   RO          139    i.OLED_I2C_SendByte  oled.o
    0x08000a22   0x08000a22   0x0000001c   Code   RO          140    i.OLED_I2C_Start    oled.o
    0x08000a3e   0x08000a3e   0x00000016   Code   RO          141    i.OLED_I2C_Stop     oled.o
    0x08000a54   0x08000a54   0x0000009a   Code   RO          142    i.OLED_Init         oled.o
    0x08000aee   0x08000aee   0x00000014   Code   RO          144    i.OLED_Pow          oled.o
    0x08000b02   0x08000b02   0x00000022   Code   RO          148    i.OLED_SetCursor    oled.o
    0x08000b24   0x08000b24   0x00000054   Code   RO          150    i.OLED_ShowChar     oled.o
    0x08000b78   0x08000b78   0x000000d2   Code   RO          152    i.OLED_ShowFloatNum  oled.o
    0x08000c4a   0x08000c4a   0x00000002   PAD
    0x08000c4c   0x08000c4c   0x000000fc   Code   RO          154    i.OLED_ShowImage    oled.o
    0x08000d48   0x08000d48   0x0000004c   Code   RO          155    i.OLED_ShowNum      oled.o
    0x08000d94   0x08000d94   0x0000002e   Code   RO          157    i.OLED_ShowString   oled.o
    0x08000dc2   0x08000dc2   0x00000002   PAD
    0x08000dc4   0x08000dc4   0x00000028   Code   RO          159    i.OLED_Update       oled.o
    0x08000dec   0x08000dec   0x00000018   Code   RO          161    i.OLED_W_SCL        oled.o
    0x08000e04   0x08000e04   0x00000018   Code   RO          162    i.OLED_W_SDA        oled.o
    0x08000e1c   0x08000e1c   0x00000020   Code   RO          163    i.OLED_WriteCommand  oled.o
    0x08000e3c   0x08000e3c   0x0000002e   Code   RO          164    i.OLED_WriteData    oled.o
    0x08000e6a   0x08000e6a   0x00000010   Code   RO         3777    i.PWM_SetCompare1   pwm.o
    0x08000e7a   0x08000e7a   0x00000002   Code   RO         3596    i.PendSV_Handler    stm32f10x_it.o
    0x08000e7c   0x08000e7c   0x00000020   Code   RO         2099    i.RCC_APB1PeriphClockCmd  stm32f10x_rcc.o
    0x08000e9c   0x08000e9c   0x00000020   Code   RO         2101    i.RCC_APB2PeriphClockCmd  stm32f10x_rcc.o
    0x08000ebc   0x08000ebc   0x000000d4   Code   RO         2109    i.RCC_GetClocksFreq  stm32f10x_rcc.o
    0x08000f90   0x08000f90   0x00000002   Code   RO         3597    i.SVC_Handler       stm32f10x_it.o
    0x08000f92   0x08000f92   0x00000008   Code   RO         3538    i.SetSysClock       system_stm32f10x.o
    0x08000f9a   0x08000f9a   0x00000002   PAD
    0x08000f9c   0x08000f9c   0x000000e0   Code   RO         3539    i.SetSysClockTo72   system_stm32f10x.o
    0x0800107c   0x0800107c   0x00000018   Code   RO         3721    i.SysTick_Handler   systick.o
    0x08001094   0x08001094   0x00000060   Code   RO         3541    i.SystemInit        system_stm32f10x.o
    0x080010f4   0x080010f4   0x0000006c   Code   RO         3722    i.SystickInit       systick.o
    0x08001160   0x08001160   0x00000080   Code   RO         2729    i.TI1_Config        stm32f10x_tim.o
    0x080011e0   0x080011e0   0x00000098   Code   RO         2730    i.TI2_Config        stm32f10x_tim.o
    0x08001278   0x08001278   0x00000090   Code   RO         2731    i.TI3_Config        stm32f10x_tim.o
    0x08001308   0x08001308   0x00000098   Code   RO         2732    i.TI4_Config        stm32f10x_tim.o
    0x080013a0   0x080013a0   0x00000018   Code   RO         2745    i.TIM_Cmd           stm32f10x_tim.o
    0x080013b8   0x080013b8   0x000000ac   Code   RO         2768    i.TIM_ICInit        stm32f10x_tim.o
    0x08001464   0x08001464   0x0000000c   Code   RO         2772    i.TIM_InternalClockConfig  stm32f10x_tim.o
    0x08001470   0x08001470   0x00000098   Code   RO         2774    i.TIM_OC1Init       stm32f10x_tim.o
    0x08001508   0x08001508   0x00000014   Code   RO         2792    i.TIM_OCStructInit  stm32f10x_tim.o
    0x0800151c   0x0800151c   0x00000012   Code   RO         2798    i.TIM_SelectInputTrigger  stm32f10x_tim.o
    0x0800152e   0x0800152e   0x00000012   Code   RO         2803    i.TIM_SelectSlaveMode  stm32f10x_tim.o
    0x08001540   0x08001540   0x00000004   Code   RO         2806    i.TIM_SetCompare1   stm32f10x_tim.o
    0x08001544   0x08001544   0x00000012   Code   RO         2811    i.TIM_SetIC1Prescaler  stm32f10x_tim.o
    0x08001556   0x08001556   0x0000001a   Code   RO         2812    i.TIM_SetIC2Prescaler  stm32f10x_tim.o
    0x08001570   0x08001570   0x00000012   Code   RO         2813    i.TIM_SetIC3Prescaler  stm32f10x_tim.o
    0x08001582   0x08001582   0x0000001a   Code   RO         2814    i.TIM_SetIC4Prescaler  stm32f10x_tim.o
    0x0800159c   0x0800159c   0x000000a4   Code   RO         2816    i.TIM_TimeBaseInit  stm32f10x_tim.o
    0x08001640   0x08001640   0x00000004   Code   RO         3598    i.UsageFault_Handler  stm32f10x_it.o
    0x08001644   0x08001644   0x000000cc   Code   RO         3817    i.ds18b20GetTemp    18b20.o
    0x08001710   0x08001710   0x00000078   Code   RO         3751    i.encoderInit       encoder.o
    0x08001788   0x08001788   0x00000014   Code   RO         3752    i.getEncoderValue   encoder.o
    0x0800179c   0x0800179c   0x000000a4   Code   RO         3796    i.icInit            ic.o
    0x08001840   0x08001840   0x0000020c   Code   RO         3648    i.main              main.o
    0x08001a4c   0x08001a4c   0x0000003e   Code   RO         3857    i.mappingINT        utils.o
    0x08001a8a   0x08001a8a   0x00000002   PAD
    0x08001a8c   0x08001a8c   0x00000058   Code   RO         3858    i.mappingSHIFT      utils.o
    0x08001ae4   0x08001ae4   0x00000094   Code   RO         3778    i.pwmInit           pwm.o
    0x08001b78   0x08001b78   0x00000094   Code   RO         3956    i.round             m_ws.l(round.o)
    0x08001c0c   0x08001c0c   0x00000062   Code   RO         3888    x$fpl$d2f           fz_ws.l(d2f.o)
    0x08001c6e   0x08001c6e   0x00000002   PAD
    0x08001c70   0x08001c70   0x00000150   Code   RO         3890    x$fpl$dadd          fz_ws.l(daddsub_clz.o)
    0x08001dc0   0x08001dc0   0x00000018   Code   RO         4052    x$fpl$dcmpinf       fz_ws.l(dcmpi.o)
    0x08001dd8   0x08001dd8   0x0000005a   Code   RO         3904    x$fpl$dfixu         fz_ws.l(dfixu.o)
    0x08001e32   0x08001e32   0x00000026   Code   RO         3908    x$fpl$dfltu         fz_ws.l(dflt_clz.o)
    0x08001e58   0x08001e58   0x00000078   Code   RO         3914    x$fpl$dleqf         fz_ws.l(dleqf.o)
    0x08001ed0   0x08001ed0   0x00000154   Code   RO         3916    x$fpl$dmul          fz_ws.l(dmul.o)
    0x08002024   0x08002024   0x0000009c   Code   RO         4054    x$fpl$dnaninf       fz_ws.l(dnaninf.o)
    0x080020c0   0x080020c0   0x0000000c   Code   RO         4056    x$fpl$dretinf       fz_ws.l(dretinf.o)
    0x080020cc   0x080020cc   0x0000006c   Code   RO         3918    x$fpl$drleqf        fz_ws.l(drleqf.o)
    0x08002138   0x08002138   0x000000b4   Code   RO         4058    x$fpl$drnd          fz_ws.l(drnd.o)
    0x080021ec   0x080021ec   0x00000016   Code   RO         3891    x$fpl$drsb          fz_ws.l(daddsub_clz.o)
    0x08002202   0x08002202   0x00000002   PAD
    0x08002204   0x08002204   0x000001d4   Code   RO         3892    x$fpl$dsub          fz_ws.l(daddsub_clz.o)
    0x080023d8   0x080023d8   0x00000056   Code   RO         3920    x$fpl$f2d           fz_ws.l(f2d.o)
    0x0800242e   0x0800242e   0x00000002   PAD
    0x08002430   0x08002430   0x000000c4   Code   RO         3922    x$fpl$fadd          fz_ws.l(faddsub_clz.o)
    0x080024f4   0x080024f4   0x00000018   Code   RO         4060    x$fpl$fcmpinf       fz_ws.l(fcmpi.o)
    0x0800250c   0x0800250c   0x00000184   Code   RO         3929    x$fpl$fdiv          fz_ws.l(fdiv.o)
    0x08002690   0x08002690   0x00000068   Code   RO         3932    x$fpl$feqf          fz_ws.l(feqf.o)
    0x080026f8   0x080026f8   0x0000003e   Code   RO         3934    x$fpl$ffixu         fz_ws.l(ffixu.o)
    0x08002736   0x08002736   0x00000002   PAD
    0x08002738   0x08002738   0x00000026   Code   RO         3938    x$fpl$ffltu         fz_ws.l(fflt_clz.o)
    0x0800275e   0x0800275e   0x00000002   PAD
    0x08002760   0x08002760   0x00000068   Code   RO         3944    x$fpl$fleqf         fz_ws.l(fleqf.o)
    0x080027c8   0x080027c8   0x00000102   Code   RO         3946    x$fpl$fmul          fz_ws.l(fmul.o)
    0x080028ca   0x080028ca   0x0000008c   Code   RO         4062    x$fpl$fnaninf       fz_ws.l(fnaninf.o)
    0x08002956   0x08002956   0x0000000a   Code   RO         4064    x$fpl$fretinf       fz_ws.l(fretinf.o)
    0x08002960   0x08002960   0x000000ea   Code   RO         3924    x$fpl$fsub          fz_ws.l(faddsub_clz.o)
    0x08002a4a   0x08002a4a   0x00000000   Code   RO         4074    x$fpl$usenofp       fz_ws.l(usenofp.o)
    0x08002a4a   0x08002a4a   0x000008ee   Data   RO          113    .constdata          oled_data.o
    0x08003338   0x08003338   0x00000020   Data   RO         4329    Region$$Table       anon$$obj.o


    Execution Region RW_IRAM1 (Exec base: 0x20000000, Load base: 0x08003358, Size: 0x00000ad0, Max: 0x00005000, ABSOLUTE)

    Exec Addr    Load Addr    Size         Type   Attr      Idx    E Section Name        Object

    0x20000000   0x08003358   0x00000014   Data   RW         2129    .data               stm32f10x_rcc.o
    0x20000014   0x0800336c   0x0000000c   Data   RW         3695    .data               key.o
    0x20000020   0x08003378   0x00000008   Data   RW         3723    .data               systick.o
    0x20000028   0x08003380   0x00000001   Data   RW         3753    .data               encoder.o
    0x20000029   0x08003381   0x00000003   PAD
    0x2000002c        -       0x00000400   Zero   RW          166    .bss                oled.o
    0x2000042c   0x08003381   0x00000004   PAD
    0x20000430        -       0x00000030   Zero   RW         3694    .bss                key.o
    0x20000460        -       0x00000010   Zero   RW         3818    .bss                18b20.o
    0x20000470        -       0x00000060   Zero   RW         4145    .bss                c_w.l(libspace.o)
    0x200004d0        -       0x00000200   Zero   RW         3532    HEAP                startup_stm32f10x_md.o
    0x200006d0        -       0x00000400   Zero   RW         3531    STACK               startup_stm32f10x_md.o


==============================================================================

Image component sizes


      Code (inc. data)   RO Data    RW Data    ZI Data      Debug   Object Name

       476         34          0          0         16       3535   18b20.o
         0          0          0          0          0         32   core_cm3.o
        46          0          0          0          0     247743   delay.o
       208         22          0          1          0       1646   encoder.o
       164         10          0          0          0        561   ic.o
       330         22          0         12         48       2445   key.o
       524         30          0          0          0        987   main.o
       132         22          0          0          0       3011   misc.o
      1656         46          0          0       1024      41439   oled.o
         0          0       2286          0          0       1210   oled_data.o
       164          4          0          0          0       1024   pwm.o
        64         26        236          0       1536        780   startup_stm32f10x_md.o
       200         18          0          0          0       4032   stm32f10x_exti.o
       370          4          0          0          0      11838   stm32f10x_gpio.o
        24          0          0          0          0       3180   stm32f10x_it.o
       276         32          0         20          0      12886   stm32f10x_rcc.o
      1248        170          0          0          0      30570   stm32f10x_tim.o
       328         28          0          0          0       1769   system_stm32f10x.o
       144         18          0          8          0      16735   systick.o
       150          4          0          0          0       1376   utils.o

    ----------------------------------------------------------------------
      6518        490       2554         44       2628     386799   Object Totals
         0          0         32          0          0          0   (incl. Generated)
        14          0          0          3          4          0   (incl. Padding)

    ----------------------------------------------------------------------

      Code (inc. data)   RO Data    RW Data    ZI Data      Debug   Library Member Name

         8          0          0          0          0         68   __main.o
         0          0          0          0          0          0   __rtentry.o
        12          0          0          0          0          0   __rtentry2.o
         6          0          0          0          0          0   __rtentry4.o
        52          8          0          0          0          0   __scatter.o
        26          0          0          0          0          0   __scatter_copy.o
        28          0          0          0          0          0   __scatter_zi.o
        18          0          0          0          0         80   exit.o
         6          0          0          0          0        152   heapauxi.o
         0          0          0          0          0          0   indicate_semi.o
         2          0          0          0          0          0   libinit.o
         2          0          0          0          0          0   libinit2.o
         2          0          0          0          0          0   libshutdown.o
         2          0          0          0          0          0   libshutdown2.o
         8          4          0          0         96         68   libspace.o
         2          0          0          0          0          0   rtexit.o
        10          0          0          0          0          0   rtexit2.o
        12          4          0          0          0         68   sys_exit.o
        74          0          0          0          0         80   sys_stackheap_outer.o
         2          0          0          0          0         68   use_no_semi.o
        98          4          0          0          0         92   d2f.o
       826         16          0          0          0        348   daddsub_clz.o
        24          0          0          0          0         68   dcmpi.o
        90          4          0          0          0         92   dfixu.o
        38          0          0          0          0         68   dflt_clz.o
       120          4          0          0          0         92   dleqf.o
       340         12          0          0          0        104   dmul.o
       156          4          0          0          0         92   dnaninf.o
        12          0          0          0          0         68   dretinf.o
       108          0          0          0          0         80   drleqf.o
       180          4          0          0          0         80   drnd.o
        86          4          0          0          0         84   f2d.o
       430          8          0          0          0        168   faddsub_clz.o
        24          0          0          0          0         68   fcmpi.o
       388         76          0          0          0         96   fdiv.o
       104          4          0          0          0         84   feqf.o
        62          4          0          0          0         84   ffixu.o
        38          0          0          0          0         68   fflt_clz.o
       104          4          0          0          0         84   fleqf.o
       258          4          0          0          0         84   fmul.o
       140          4          0          0          0         84   fnaninf.o
        10          0          0          0          0         68   fretinf.o
         0          0          0          0          0          0   usenofp.o
       148         12          0          0          0         88   round.o

    ----------------------------------------------------------------------
      4072        184          0          0         96       2828   Library Totals
        16          0          0          0          0          0   (incl. Padding)

    ----------------------------------------------------------------------

      Code (inc. data)   RO Data    RW Data    ZI Data      Debug   Library Name

       272         16          0          0         96        584   c_w.l
      3636        156          0          0          0       2156   fz_ws.l
       148         12          0          0          0         88   m_ws.l

    ----------------------------------------------------------------------
      4072        184          0          0         96       2828   Library Totals

    ----------------------------------------------------------------------

==============================================================================


      Code (inc. data)   RO Data    RW Data    ZI Data      Debug   

     10590        674       2554         44       2724     384059   Grand Totals
     10590        674       2554         44       2724     384059   ELF Image Totals
     10590        674       2554         44          0          0   ROM Totals

==============================================================================

    Total RO  Size (Code + RO Data)                13144 (  12.84kB)
    Total RW  Size (RW Data + ZI Data)              2768 (   2.70kB)
    Total ROM Size (Code + RO Data + RW Data)      13188 (  12.88kB)

==============================================================================

